
> build
> npm run build:server && npm run build:web && npm run check:pack


> build:server
> npm run build -w @wjarka/cezarion


> @wjarka/cezarion@0.12.2 prebuild
> node scripts/sync-readme.mjs


> @wjarka/cezarion@0.12.2 build
> tsc


> @wjarka/cezarion@0.12.2 postbuild
> node scripts/inline-contract.mjs

inline-contract ok — contract bundled with declarations, 56 file(s) repointed

> build:web
> npm run build -w @open-mercato/cezar-web


> @open-mercato/cezar-web@0.12.2 build
> vite build

vite v8.1.4 building client environment for production...
[2Ktransforming...✓ 2626 modules transformed.
rendering chunks...
computing gzip size...
../cezar/web/dist/index.html                                                    4.87 kB │ gzip:   1.68 kB
../cezar/web/dist/assets/poppins-latin-ext-500-normal-CK-6C4Hw.woff2            5.48 kB
../cezar/web/dist/assets/poppins-latin-ext-600-normal-CAhIAdZj.woff2            5.52 kB
../cezar/web/dist/assets/poppins-latin-ext-400-normal-by3JarPu.woff2            5.64 kB
../cezar/web/dist/assets/poppins-latin-ext-500-normal-CgAe2rWW.woff             7.37 kB
../cezar/web/dist/assets/poppins-latin-ext-600-normal-Df5ffKXP.woff             7.43 kB
../cezar/web/dist/assets/poppins-latin-ext-400-normal-DaBSavcJ.woff             7.46 kB
../cezar/web/dist/assets/poppins-latin-500-normal-C8OXljZJ.woff2                7.74 kB
../cezar/web/dist/assets/poppins-latin-400-normal-cpxAROuN.woff2                7.88 kB
../cezar/web/dist/assets/poppins-latin-600-normal-zEkxB9Mr.woff2                8.00 kB
../cezar/web/dist/assets/poppins-latin-500-normal-DGXqpDMm.woff                10.37 kB
../cezar/web/dist/assets/poppins-latin-400-normal-BOb3E3N0.woff                10.53 kB
../cezar/web/dist/assets/poppins-latin-600-normal-BJdTmd5m.woff                10.60 kB
../cezar/web/dist/assets/jetbrains-mono-latin-ext-wght-normal-DBQx-q_a.woff2   15.19 kB
../cezar/web/dist/assets/poppins-devanagari-500-normal-BIdkeU1p.woff2          39.08 kB
../cezar/web/dist/assets/poppins-devanagari-600-normal-STEjXBNN.woff2          39.29 kB
../cezar/web/dist/assets/poppins-devanagari-400-normal-CJDn6rn8.woff2          39.66 kB
../cezar/web/dist/assets/jetbrains-mono-latin-wght-normal-B9CIFXIH.woff2       40.40 kB
../cezar/web/dist/assets/poppins-devanagari-500-normal-DMPDjHtT.woff           52.42 kB
../cezar/web/dist/assets/poppins-devanagari-600-normal-ClASKHrr.woff           52.56 kB
../cezar/web/dist/assets/poppins-devanagari-400-normal-CqVvlrh5.woff           52.98 kB
../cezar/web/dist/assets/ibm-plex-mono-regular-BF3vfe7_.ttf                   133.79 kB
../cezar/web/dist/assets/repo-git-Dkgz4rfB.css                                  0.44 kB │ gzip:   0.24 kB
../cezar/web/dist/assets/run-header-B2dsmBvi.css                                1.96 kB │ gzip:   0.66 kB
../cezar/web/dist/assets/task-thread-DVOBCHlH.css                               5.93 kB │ gzip:   1.29 kB
../cezar/web/dist/assets/github-CB1peZ_B.css                                    7.19 kB │ gzip:   1.60 kB
../cezar/web/dist/assets/index-CjxePMoB.css                                   191.88 kB │ gzip:  32.23 kB
../cezar/web/dist/assets/mermaid-GHXKKRXX-C4jxqUUb.js                           0.07 kB │ gzip:   0.08 kB
../cezar/web/dist/assets/chevron-right-BENZ-1ZN.js                              0.13 kB │ gzip:   0.14 kB
../cezar/web/dist/assets/square-terminal-B6RYYieR.js                            0.24 kB │ gzip:   0.20 kB
../cezar/web/dist/assets/external-link-BE6y205O.js                              0.25 kB │ gzip:   0.19 kB
../cezar/web/dist/assets/search-x-I9Q8pgUa.js                                   0.25 kB │ gzip:   0.20 kB
../cezar/web/dist/assets/use-submit-shortcut-KWJsC906.js                        0.37 kB │ gzip:   0.26 kB
../cezar/web/dist/assets/use-desktop-BaYgO7YW.js                                0.47 kB │ gzip:   0.27 kB
../cezar/web/dist/assets/tab-link-MtWDvAp_.js                                   0.51 kB │ gzip:   0.33 kB
../cezar/web/dist/assets/highlighted-body-OFNGDK62-BL-MfFgl.js                  0.57 kB │ gzip:   0.38 kB
../cezar/web/dist/assets/rolldown-runtime-QTnfLwEv.js                           0.69 kB │ gzip:   0.42 kB
../cezar/web/dist/assets/token-metrics-uK-he3FQ.js                              0.84 kB │ gzip:   0.51 kB
../cezar/web/dist/assets/image-preview-BNI5TEdR.js                              0.93 kB │ gzip:   0.54 kB
../cezar/web/dist/assets/skill-empty-hint-oOtzR3v0.js                           0.95 kB │ gzip:   0.45 kB
../cezar/web/dist/assets/zoomable-image-BoNwHxLI.js                             0.99 kB │ gzip:   0.61 kB
../cezar/web/dist/assets/diff-stat-2ovKMNz_.js                                  1.03 kB │ gzip:   0.63 kB
../cezar/web/dist/assets/project-router-CrukAUh8.js                             1.36 kB │ gzip:   0.69 kB
../cezar/web/dist/assets/createLucideIcon-BHp8sXmF.js                           1.43 kB │ gzip:   0.80 kB
../cezar/web/dist/assets/diff-controls-BilxtlvP.js                              2.07 kB │ gzip:   0.94 kB
../cezar/web/dist/assets/skills-9oR_oHse.js                                     2.38 kB │ gzip:   1.05 kB
../cezar/web/dist/assets/collapsible-BtkPuMUW.js                                2.50 kB │ gzip:   1.05 kB
../cezar/web/dist/assets/markdown-BPf2Jrku.js                                   2.55 kB │ gzip:   1.34 kB
../cezar/web/dist/assets/diff-woXpYk--.js                                       2.56 kB │ gzip:   0.68 kB
../cezar/web/dist/assets/json-qhed-kSA.js                                       2.81 kB │ gzip:   0.77 kB
../cezar/web/dist/assets/jsonc-CYpm1nAK.js                                      3.10 kB │ gzip:   0.78 kB
../cezar/web/dist/assets/textarea-BDFiiBhJ.js                                   3.11 kB │ gzip:   1.16 kB
../cezar/web/dist/assets/commit-list-CtY3_386.js                                3.13 kB │ gzip:   1.47 kB
../cezar/web/dist/assets/diff-g-JXMWjA2.js                                      3.56 kB │ gzip:   1.51 kB
../cezar/web/dist/assets/highlighter-CdHqIwFr.js                                3.93 kB │ gzip:   1.61 kB
../cezar/web/dist/assets/task-commits-iNjsEtQm.js                               5.19 kB │ gzip:   1.89 kB
../cezar/web/dist/assets/run-diff-Dy4j_Ryk.js                                   5.83 kB │ gzip:   2.21 kB
../cezar/web/dist/assets/toml-CcmNWLt0.js                                       6.41 kB │ gzip:   1.28 kB
../cezar/web/dist/assets/git-toolbar-DwLGlVIv.js                                6.98 kB │ gzip:   2.61 kB
../cezar/web/dist/assets/popover-CDt47-Ya.js                                    7.12 kB │ gzip:   2.55 kB
../cezar/web/dist/assets/compare-variants-doJqdBol.js                           7.54 kB │ gzip:   2.82 kB
../cezar/web/dist/assets/task-changes-BiAgJj_w.js                               7.83 kB │ gzip:   3.18 kB
../cezar/web/dist/assets/lib-BQXq3kEf.js                                        7.85 kB │ gzip:   4.03 kB
../cezar/web/dist/assets/yaml-rwi0_p6S.js                                      10.49 kB │ gzip:   2.26 kB
../cezar/web/dist/assets/task-files-BmlOlXRm.js                                11.04 kB │ gzip:   3.79 kB
../cezar/web/dist/assets/diff-view-_ubF6Rpx.js                                 14.62 kB │ gzip:   5.14 kB
../cezar/web/dist/assets/rust-Cfkwpbl8.js                                      15.06 kB │ gzip:   2.71 kB
../cezar/web/dist/assets/skills-BSfNsV5e.js                                    17.02 kB │ gzip:   5.27 kB
../cezar/web/dist/assets/repo-git-jnAHVglu.js                                  17.50 kB │ gzip:   5.66 kB
../cezar/web/dist/assets/lib-BxQXEXDF.js                                       19.06 kB │ gzip:   6.56 kB
../cezar/web/dist/assets/pill-DYBHy1Tg.js                                      20.43 kB │ gzip:   8.34 kB
../cezar/web/dist/assets/thread-loading-6LEofJS1.js                            23.24 kB │ gzip:   8.37 kB
../cezar/web/dist/assets/sql-BsFa4tDR.js                                       23.42 kB │ gzip:   7.45 kB
../cezar/web/dist/assets/prompt-templates-BRC-aSTO.js                          23.46 kB │ gzip:   8.94 kB
../cezar/web/dist/assets/run-header-IGQRUYpE.js                                26.19 kB │ gzip:   8.28 kB
../cezar/web/dist/assets/bundle-mjs-BT31bpU6.js                                29.40 kB │ gzip:   9.54 kB
../cezar/web/dist/assets/shellscript-CLZ0U2zV.js                               41.47 kB │ gzip:   6.07 kB
../cezar/web/dist/assets/go-rLFTqkRN.js                                        46.81 kB │ gzip:   5.14 kB
../cezar/web/dist/assets/css-BsVw1vtW.js                                       49.03 kB │ gzip:  11.90 kB
../cezar/web/dist/assets/dropdown-menu-CVJsKi1w.js                             52.57 kB │ gzip:  17.44 kB
../cezar/web/dist/assets/html-BY76lXLH.js                                      57.24 kB │ gzip:  11.74 kB
../cezar/web/dist/assets/github-B0N0Cfye.js                                    57.46 kB │ gzip:  16.35 kB
../cezar/web/dist/assets/engine-javascript-FQvzRocB.js                         57.63 kB │ gzip:  20.18 kB
../cezar/web/dist/assets/markdown-BYOwaDjH.js                                  59.32 kB │ gzip:   5.66 kB
../cezar/web/dist/assets/python-gzcpVVnB.js                                    69.94 kB │ gzip:   9.09 kB
../cezar/web/dist/assets/workflows-D-yA8_qA.js                                 75.84 kB │ gzip:  23.78 kB
../cezar/web/dist/assets/task-thread-C9EdtlPz.js                               82.50 kB │ gzip:  24.90 kB
../cezar/web/dist/assets/core-BCsw8oQw.js                                      93.03 kB │ gzip:  29.18 kB
../cezar/web/dist/assets/utils-BEb5Uoq5.js                                    105.68 kB │ gzip:  28.32 kB
../cezar/web/dist/assets/javascript-BgS3c2Ky.js                               174.82 kB │ gzip:  16.62 kB
../cezar/web/dist/assets/tsx-udAQXfEw.js                                      175.52 kB │ gzip:  16.62 kB
../cezar/web/dist/assets/jsx-Bz0zcwM4.js                                      177.78 kB │ gzip:  16.71 kB
../cezar/web/dist/assets/typescript-bsJCZSQ-.js                               181.07 kB │ gzip:  16.23 kB
../cezar/web/dist/assets/react-runtime-CCIEwYL0.js                            189.64 kB │ gzip:  59.65 kB
../cezar/web/dist/assets/index-Bw997mYl.js                                    350.80 kB │ gzip:  91.97 kB
../cezar/web/dist/assets/alert-dialog-B9Fet6Cd.js                             352.56 kB │ gzip:  98.73 kB
../cezar/web/dist/assets/chunk-BO2N2NFS-DE6qKn3r.js                           429.83 kB │ gzip: 130.15 kB

✓ built in 608ms

> check:pack
> npm run check:pack -w @wjarka/cezarion


> @wjarka/cezarion@0.12.2 check:pack
> node scripts/check-pack.mjs

check:pack ok — 573 files, 101 under web/dist (shell + assets present)
