Fresh fixture run 1

> test
> vitest run --config packages/web/e2e/vitest.config.ts agents-dock.e2e.ts


 RUN  v4.1.10 /home/agent/projects/cezar/.ai/cezar/worktrees/86a5f50c-6f3c-4c93-ba2f-489eeaf1613f/packages/web/e2e


 Test Files  1 passed (1)
      Tests  4 passed (4)
   Start at  16:50:24
   Duration  6.86s (transform 24ms, setup 0ms, import 36ms, tests 6.64s, environment 0ms)

Fresh fixture run 2

> test
> vitest run --config packages/web/e2e/vitest.config.ts agents-dock.e2e.ts


 RUN  v4.1.10 /home/agent/projects/cezar/.ai/cezar/worktrees/86a5f50c-6f3c-4c93-ba2f-489eeaf1613f/packages/web/e2e


 Test Files  1 passed (1)
      Tests  4 passed (4)
   Start at  16:50:31
   Duration  6.77s (transform 25ms, setup 0ms, import 38ms, tests 6.56s, environment 0ms)

Fresh fixture run 3

> test
> vitest run --config packages/web/e2e/vitest.config.ts agents-dock.e2e.ts


 RUN  v4.1.10 /home/agent/projects/cezar/.ai/cezar/worktrees/86a5f50c-6f3c-4c93-ba2f-489eeaf1613f/packages/web/e2e


 Test Files  1 passed (1)
      Tests  4 passed (4)
   Start at  16:50:38
   Duration  6.81s (transform 25ms, setup 0ms, import 39ms, tests 6.60s, environment 0ms)

