
> test
> vitest run --config packages/web/e2e/vitest.config.ts


 RUN  v4.1.10 /home/agent/projects/cezar/.ai/cezar/worktrees/86a5f50c-6f3c-4c93-ba2f-489eeaf1613f/packages/web/e2e

 ❯ |e2e| github.e2e.ts (32 tests | 1 failed) 76116ms
     × /github lists the real issues and PRs with honest counts 507ms
Preparing worktree (new branch 'cez/fixture-A')
Preparing worktree (new branch 'cez/fixture-B')
 ❯ |e2e| agents-dock.e2e.ts (4 tests | 1 failed) 32125ms
     × docks both sub-agents with odometer, type badge, activity and tool count 25768ms

⎯⎯⎯⎯⎯⎯⎯ Failed Tests 2 ⎯⎯⎯⎯⎯⎯⎯

 FAIL  |e2e| agents-dock.e2e.ts > the Agents dock against a replayed fan-out > docks both sub-agents with odometer, type badge, activity and tool count
Error: cezar e2e: agent-browser wait --fn document.querySelector('[data-slot="main"]').scrollTop === 0 failed
 ❯ AgentBrowser.run agent-browser.ts:157:13
    155|       })
    156|     } catch (cause) {
    157|       throw new Error(`cezar e2e: agent-browser ${args.join(' ')} fail…
       |             ^
    158|     }
    159|     const parsed = JSON.parse(stdout) as { success: boolean; data?: un…
 ❯ AgentBrowser.waitForFunction agent-browser.ts:209:10
 ❯ clickThreadControl agents-dock.e2e.ts:143:11
 ❯ agents-dock.e2e.ts:153:5

Caused by: Error: Command failed: /tmp/cez-e2e-86/agent-browser --session e2e-agents-dock-3924031 wait --fn document.querySelector('[data-slot="main"]').scrollTop === 0 --json
 ❯ AgentBrowser.run agent-browser.ts:150:16
 ❯ AgentBrowser.waitForFunction agent-browser.ts:209:10
 ❯ clickThreadControl agents-dock.e2e.ts:143:11
 ❯ agents-dock.e2e.ts:153:5

⎯⎯⎯⎯⎯⎯⎯⎯⎯⎯⎯⎯⎯⎯⎯⎯⎯⎯⎯⎯⎯⎯⎯⎯⎯⎯⎯⎯⎯⎯
Serialized Error: { status: 1, signal: null, output: [ null, '{"success":false,"data":null,"error":"Wait timed out after 25000ms"}\n', '' ], pid: 3924986, stdout: '{"success":false,"data":null,"error":"Wait timed out after 25000ms"}\n', stderr: '' }
⎯⎯⎯⎯⎯⎯⎯⎯⎯⎯⎯⎯⎯⎯⎯⎯⎯⎯⎯⎯⎯⎯⎯⎯[1/2]⎯

 FAIL  |e2e| github.e2e.ts > the GitHub tab against the live dry-run server > /github lists the real issues and PRs with honest counts
Error: cezar e2e: agent-browser click [data-slot="gh-tabs"] a[href="/p/86a5f50c-6f3c-4c93-ba2f-489eeaf1613f/github"] failed
 ❯ AgentBrowser.run agent-browser.ts:157:13
    155|       })
    156|     } catch (cause) {
    157|       throw new Error(`cezar e2e: agent-browser ${args.join(' ')} fail…
       |             ^
    158|     }
    159|     const parsed = JSON.parse(stdout) as { success: boolean; data?: un…
 ❯ AgentBrowser.click agent-browser.ts:281:10
 ❯ github.e2e.ts:88:13

Caused by: Error: Command failed: /tmp/cez-e2e-86/agent-browser --session e2e-github-3884773 click [data-slot="gh-tabs"] a[href="/p/86a5f50c-6f3c-4c93-ba2f-489eeaf1613f/github"] --json
 ❯ AgentBrowser.run agent-browser.ts:150:16
 ❯ AgentBrowser.click agent-browser.ts:281:10
 ❯ github.e2e.ts:88:13

⎯⎯⎯⎯⎯⎯⎯⎯⎯⎯⎯⎯⎯⎯⎯⎯⎯⎯⎯⎯⎯⎯⎯⎯⎯⎯⎯⎯⎯⎯
Serialized Error: { status: 1, signal: null, output: [ null, '{"success":false,"data":null,"error":"Element not found: [data-slot=\"gh-tabs\"] a[href=\"/p/86a5f50c-6f3c-4c93-ba2f-489eeaf1613f/github\"]. Verify the selector, role, or name is correct and the element exists in the DOM."}\n', '' ], pid: 3885244, stdout: '{"success":false,"data":null,"error":"Element not found: [data-slot=\"gh-tabs\"] a[href=\"/p/86a5f50c-6f3c-4c93-ba2f-489eeaf1613f/github\"]. Verify the selector, role, or name is correct and the element exists in the DOM."}\n', stderr: '' }
⎯⎯⎯⎯⎯⎯⎯⎯⎯⎯⎯⎯⎯⎯⎯⎯⎯⎯⎯⎯⎯⎯⎯⎯[2/2]⎯


 Test Files  2 failed | 41 passed (43)
      Tests  2 failed | 371 passed | 6 skipped (379)
   Start at  16:33:22
   Duration  649.15s (transform 429ms, setup 0ms, import 979ms, tests 642.84s, environment 4ms)

