x4dva current route captured; visual/state review pending
yhesD current route captured; visual/state review pending
mZMB8 current route captured; visual/state review pending
Pusy6 current route captured; visual/state review pending
cgGWE current route captured; visual/state review pending
igwKt current route captured; visual/state review pending
gVXYn current route captured; visual/state review pending
nu4S5 current route captured; visual/state review pending
h690uO current route captured; visual/state review pending
L0VfI current route captured; visual/state review pending
HYltX current route captured; visual/state review pending
r7humJ current route captured; visual/state review pending
zwIL4 current route captured; visual/state review pending
es88m current route captured; visual/state review pending
HcGEf current route captured; visual/state review pending
rstLr current route captured; visual/state review pending
FsD5O current route captured; visual/state review pending
x3GLa current route captured; visual/state review pending
c1EQa current route captured; visual/state review pending
dVuKR current route captured; visual/state review pending
T5Xpa current route captured; visual/state review pending
tQmNd current route captured; visual/state review pending
rUusA current route captured; visual/state review pending
p8bEI current route captured; visual/state review pending
qxKBh current route captured; visual/state review pending
CvQao current route captured; visual/state review pending
FZ2Hk current route captured; visual/state review pending
LqDjB current route captured; visual/state review pending
g2Jzw current route captured; visual/state review pending
D53pMS current route captured; visual/state review pending
bI71R current route captured; visual/state review pending
o67XB current route captured; visual/state review pending
JYHsj current route captured; visual/state review pending
ZmozS current route captured; visual/state review pending
tVifC current route captured; visual/state review pending
zu66o current route captured; visual/state review pending
AKO2L current route captured; visual/state review pending
eOnqx current route captured; visual/state review pending
PPxMw current route captured; visual/state review pending
x7yBQu current route captured; visual/state review pending
T4h3KX current route captured; visual/state review pending
Y9V5h2 current route captured; visual/state review pending
aFFvV current route captured; visual/state review pending
yqIfL current route captured; visual/state review pending
oHH3V current route captured; visual/state review pending
TrsF6 current route captured; visual/state review pending
QifUP current route captured; visual/state review pending
M8dqPj current route captured; visual/state review pending
X79RX current route captured; visual/state review pending
rxmtI current route captured; visual/state review pending
PjeE9 current route captured; visual/state review pending
feU0A current route captured; visual/state review pending
HClxj current route captured; visual/state review pending
ODSy3 current route captured; visual/state review pending
MFtcY current route captured; visual/state review pending
LAKkC current route captured; visual/state review pending
l3f2r3 current route captured; visual/state review pending
S1Gdo current route captured; visual/state review pending
e8wQer current route captured; visual/state review pending
f2220g current route captured; visual/state review pending
UFERI current route captured; visual/state review pending
yH9DZ current route captured; visual/state review pending
empfw current route captured; visual/state review pending
O2W1k current route captured; visual/state review pending
qTzd6 current route captured; visual/state review pending
M5SWe current route captured; visual/state review pending
AHKNo current route captured; visual/state review pending
I44Ul8 current route captured; visual/state review pending
ZhHkR current route captured; visual/state review pending
zSB9u current route captured; visual/state review pending
ur8ZK current route captured; visual/state review pending
w1inBF current route captured; visual/state review pending
LmL0v current route captured; visual/state review pending
cv6mn current route captured; visual/state review pending
x1Iye current route captured; visual/state review pending
sBaI8 current route captured; visual/state review pending
RysDF current route captured; visual/state review pending
XLiCf current route captured; visual/state review pending
Id0Gw current route captured; visual/state review pending
N6NED current route captured; visual/state review pending
Jn0Bt current route captured; visual/state review pending
hG4Cl current route captured; visual/state review pending
i9Si8J current route captured; visual/state review pending
ogTQi current route captured; visual/state review pending
RvbXf current route captured; visual/state review pending
OGJJ1 current route captured; visual/state review pending
lpRVc current route captured; visual/state review pending
moM53 current route captured; visual/state review pending
s6Ih0I current route captured; visual/state review pending
YVkaw current route captured; visual/state review pending
owGYp current route captured; visual/state review pending
Oo1J1 current route captured; visual/state review pending
pf8QM current route captured; visual/state review pending
OREDs current route captured; visual/state review pending
ofMmL current route captured; visual/state review pending
UzdJ2 current route captured; visual/state review pending
HBMSk current route captured; visual/state review pending
ef75D current route captured; visual/state review pending
Z3tJLp current route captured; visual/state review pending
cQJod current route captured; visual/state review pending
v9iCdT current route captured; visual/state review pending
u8PPZ3 current route captured; visual/state review pending
v5h5dm current route captured; visual/state review pending
c96HBw current route captured; visual/state review pending
iBtG5 current route captured; visual/state review pending
tWnpG current route captured; visual/state review pending
XvWFg current route captured; visual/state review pending
pHBjV current route captured; visual/state review pending
ITZ94 current route captured; visual/state review pending
Itxee current route captured; visual/state review pending
iQvMt current route captured; visual/state review pending
PFLKh current route captured; visual/state review pending
myX8Q current route captured; visual/state review pending
MnEgv current route captured; visual/state review pending
jCdnx current route captured; visual/state review pending
R2OII2 current route captured; visual/state review pending
kDsvU current route captured; visual/state review pending
zze3r current route captured; visual/state review pending
Pf2JI current route captured; visual/state review pending
mC4Fw current route captured; visual/state review pending
h8VpfA current route captured; visual/state review pending
f03Qc current route captured; visual/state review pending
JWelK current route captured; visual/state review pending
f7OdkB current route captured; visual/state review pending
M6nNaF current route captured; visual/state review pending
mQkaN current route captured; visual/state review pending
h7wNTk current route captured; visual/state review pending
aYBO5 current route captured; visual/state review pending
giEbe current route captured; visual/state review pending
UylPc current route captured; visual/state review pending
Z58Tuz current route captured; visual/state review pending
P416t current route captured; visual/state review pending
U6TLR current route captured; visual/state review pending
Sizxn current route captured; visual/state review pending
nMfbp current route captured; visual/state review pending
U8r6vF current route captured; visual/state review pending
ZavY5 current route captured; visual/state review pending
kyWF8 current route captured; visual/state review pending
XalAH current route captured; visual/state review pending
iWYPL current route captured; visual/state review pending
wC1Sd current route captured; visual/state review pending
eWOxf current route captured; visual/state review pending
n27mE current route captured; visual/state review pending
iI7Fo current route captured; visual/state review pending
pwW2r current route captured; visual/state review pending
DZts9 current route captured; visual/state review pending
