
> test
> vitest run --config packages/web/e2e/vitest.config.ts quick-list.e2e.ts


 RUN  v4.1.10 /home/agent/projects/cezar/.ai/cezar/worktrees/86a5f50c-6f3c-4c93-ba2f-489eeaf1613f/packages/web/e2e

 ❯ |e2e| quick-list.e2e.ts (27 tests | 9 failed) 13101ms
     × is the home: the table renders every active fixture run with its status 64ms
     × allocates two contained title lines without crowding desktop metadata or actions 49ms
     × fills the ± column where a run recorded a diff, and keeps the honest dash where none exists 50ms
     × offers the compare strip for the finished variant group 50ms
     × keeps the table and sidebar archive filters independent 50ms
     × opens the task from a row click 51ms
     × keeps task metadata AA-readable on normal and hovered rows with visible title focus 48ms
     × renames a task inline from its row — the hover pencil, committed by Enter, stored for real 51ms
     × reflows to cards plus a New-task FAB at 360×640, with no horizontal overflow 51ms

⎯⎯⎯⎯⎯⎯⎯ Failed Tests 9 ⎯⎯⎯⎯⎯⎯⎯

 FAIL  |e2e| quick-list.e2e.ts > tasks table overview > is the home: the table renders every active fixture run with its status
 FAIL  |e2e| quick-list.e2e.ts > tasks table overview > allocates two contained title lines without crowding desktop metadata or actions
 FAIL  |e2e| quick-list.e2e.ts > tasks table overview > fills the ± column where a run recorded a diff, and keeps the honest dash where none exists
 FAIL  |e2e| quick-list.e2e.ts > tasks table overview > offers the compare strip for the finished variant group
 FAIL  |e2e| quick-list.e2e.ts > tasks table overview > keeps the table and sidebar archive filters independent
 FAIL  |e2e| quick-list.e2e.ts > tasks table overview > opens the task from a row click
 FAIL  |e2e| quick-list.e2e.ts > tasks table overview > keeps task metadata AA-readable on normal and hovered rows with visible title focus
 FAIL  |e2e| quick-list.e2e.ts > tasks table overview > renames a task inline from its row — the hover pencil, committed by Enter, stored for real
 FAIL  |e2e| quick-list.e2e.ts > tasks table overview > reflows to cards plus a New-task FAB at 360×640, with no horizontal overflow
Error: cezar e2e: agent-browser click text=Resource columns failed
 ❯ AgentBrowser.run agent-browser.ts:157:13
    155|       })
    156|     } catch (cause) {
    157|       throw new Error(`cezar e2e: agent-browser ${args.join(' ')} fail…
       |             ^
    158|     }
    159|     const parsed = JSON.parse(stdout) as { success: boolean; data?: un…
 ❯ AgentBrowser.click agent-browser.ts:281:10
 ❯ showResourceTable quick-list.e2e.ts:397:13
 ❯ quick-list.e2e.ts:402:103

Caused by: Error: Command failed: /tmp/cez-e2e-86/agent-browser --session e2e-quick-list-3133603 click text=Resource columns --json
 ❯ AgentBrowser.run agent-browser.ts:150:16
 ❯ AgentBrowser.click agent-browser.ts:281:10
 ❯ showResourceTable quick-list.e2e.ts:397:13
 ❯ quick-list.e2e.ts:402:103

⎯⎯⎯⎯⎯⎯⎯⎯⎯⎯⎯⎯⎯⎯⎯⎯⎯⎯⎯⎯⎯⎯⎯⎯⎯⎯⎯⎯⎯⎯
Serialized Error: { status: 1, signal: null, output: [ null, '{"success":false,"data":null,"error":"Element not found: text=Resource columns. Verify the selector, role, or name is correct and the element exists in the DOM."}\n', '' ], pid: 3134973, stdout: '{"success":false,"data":null,"error":"Element not found: text=Resource columns. Verify the selector, role, or name is correct and the element exists in the DOM."}\n', stderr: '' }
⎯⎯⎯⎯⎯⎯⎯⎯⎯⎯⎯⎯⎯⎯⎯⎯⎯⎯⎯⎯⎯⎯⎯⎯[1/9]⎯


 Test Files  1 failed (1)
      Tests  9 failed | 18 passed (27)
   Start at  15:01:53
   Duration  13.36s (transform 52ms, setup 0ms, import 72ms, tests 13.10s, environment 0ms)

