
> test
> vitest run --config packages/web/e2e/vitest.config.ts selection-states.e2e.ts


 RUN  v4.1.10 /home/agent/projects/cezar/.ai/cezar/worktrees/86a5f50c-6f3c-4c93-ba2f-489eeaf1613f/packages/web/e2e

 ❯ |e2e| selection-states.e2e.ts (17 tests | 12 failed) 16913ms
     × mobile-dark-comfortable: task and skill selection have a persistent selected surfaces and accessible state 1809ms
     × mobile-dark-comfortable: enabled boundaries contrast and disabled selectors remain unavailable 321ms
     × mobile-light-comfortable: task and skill selection have a persistent selected surfaces and accessible state 1025ms
     × mobile-light-comfortable: enabled boundaries contrast and disabled selectors remain unavailable 308ms
     × mobile-dark-ultra: task and skill selection have a persistent selected surfaces and accessible state 1148ms
     × mobile-dark-ultra: enabled boundaries contrast and disabled selectors remain unavailable 325ms
     × mobile-light-ultra: task and skill selection have a persistent selected surfaces and accessible state 1081ms
     × mobile-light-ultra: enabled boundaries contrast and disabled selectors remain unavailable 281ms
     × desktop-dark-comfortable: enabled boundaries contrast and disabled selectors remain unavailable 321ms
     × desktop-light-comfortable: enabled boundaries contrast and disabled selectors remain unavailable 330ms
     × desktop-dark-ultra: enabled boundaries contrast and disabled selectors remain unavailable 322ms
     × desktop-light-ultra: enabled boundaries contrast and disabled selectors remain unavailable 334ms

⎯⎯⎯⎯⎯⎯ Failed Tests 12 ⎯⎯⎯⎯⎯⎯⎯

 FAIL  |e2e| selection-states.e2e.ts > selection and control states (#171) > mobile-dark-comfortable: task and skill selection have a persistent selected surfaces and accessible state
 FAIL  |e2e| selection-states.e2e.ts > selection and control states (#171) > mobile-light-comfortable: task and skill selection have a persistent selected surfaces and accessible state
 FAIL  |e2e| selection-states.e2e.ts > selection and control states (#171) > mobile-dark-ultra: task and skill selection have a persistent selected surfaces and accessible state
 FAIL  |e2e| selection-states.e2e.ts > selection and control states (#171) > mobile-light-ultra: task and skill selection have a persistent selected surfaces and accessible state
AssertionError: expected 'rgba(0, 0, 0, 0)' not to be 'rgba(0, 0, 0, 0)' // Object.is equality
 ❯ selectedSurface selection-states.e2e.ts:78:32
     76|   })()`) as { background: string; parent: string; selected: boolean }
     77|   expect(facts.selected).toBe(true)
     78|   expect(facts.background).not.toBe('rgba(0, 0, 0, 0)')
       |                                ^
     79|   expect(facts.background).not.toBe(facts.parent)
     80|   const sample = browser.evaluate(contrastSampleExpression(selector)) …
 ❯ selection-states.e2e.ts:122:7

⎯⎯⎯⎯⎯⎯⎯⎯⎯⎯⎯⎯⎯⎯⎯⎯⎯⎯⎯⎯⎯⎯⎯[1/12]⎯

 FAIL  |e2e| selection-states.e2e.ts > selection and control states (#171) > mobile-dark-comfortable: enabled boundaries contrast and disabled selectors remain unavailable
 FAIL  |e2e| selection-states.e2e.ts > selection and control states (#171) > mobile-dark-ultra: enabled boundaries contrast and disabled selectors remain unavailable
AssertionError: rest: {"background":"rgb(11, 15, 23)","foreground":"rgba(0, 0, 0, 0)","ratio":1}: expected 1 to be greater than or equal to 3
 ❯ selection-states.e2e.ts:172:69
    170|         const sample = browser.evaluate(contrastSampleExpression(model…
    171|         samples.push({ variant: variantId, target: model, state, ...sa…
    172|         expect(sample.ratio, `${state}: ${JSON.stringify(sample)}`).to…
       |                                                                     ^
    173|         const outside = browser.evaluate(contrastSampleExpression(mode…
    174|         expect(outside.ratio, `${state} outside: ${JSON.stringify(outs…

⎯⎯⎯⎯⎯⎯⎯⎯⎯⎯⎯⎯⎯⎯⎯⎯⎯⎯⎯⎯⎯⎯⎯[2/12]⎯

 FAIL  |e2e| selection-states.e2e.ts > selection and control states (#171) > mobile-light-comfortable: enabled boundaries contrast and disabled selectors remain unavailable
 FAIL  |e2e| selection-states.e2e.ts > selection and control states (#171) > mobile-light-ultra: enabled boundaries contrast and disabled selectors remain unavailable
AssertionError: rest: {"background":"rgb(248, 250, 252)","foreground":"rgba(0, 0, 0, 0)","ratio":1}: expected 1 to be greater than or equal to 3
 ❯ selection-states.e2e.ts:172:69
    170|         const sample = browser.evaluate(contrastSampleExpression(model…
    171|         samples.push({ variant: variantId, target: model, state, ...sa…
    172|         expect(sample.ratio, `${state}: ${JSON.stringify(sample)}`).to…
       |                                                                     ^
    173|         const outside = browser.evaluate(contrastSampleExpression(mode…
    174|         expect(outside.ratio, `${state} outside: ${JSON.stringify(outs…

⎯⎯⎯⎯⎯⎯⎯⎯⎯⎯⎯⎯⎯⎯⎯⎯⎯⎯⎯⎯⎯⎯⎯[3/12]⎯

 FAIL  |e2e| selection-states.e2e.ts > selection and control states (#171) > desktop-dark-comfortable: enabled boundaries contrast and disabled selectors remain unavailable
 FAIL  |e2e| selection-states.e2e.ts > selection and control states (#171) > desktop-dark-ultra: enabled boundaries contrast and disabled selectors remain unavailable
AssertionError: rest: {"background":"rgb(18, 23, 34)","foreground":"rgb(44, 49, 66)","ratio":1.387332588997054}: expected 1.387332588997054 to be greater than or equal to 3
 ❯ selection-states.e2e.ts:172:69
    170|         const sample = browser.evaluate(contrastSampleExpression(model…
    171|         samples.push({ variant: variantId, target: model, state, ...sa…
    172|         expect(sample.ratio, `${state}: ${JSON.stringify(sample)}`).to…
       |                                                                     ^
    173|         const outside = browser.evaluate(contrastSampleExpression(mode…
    174|         expect(outside.ratio, `${state} outside: ${JSON.stringify(outs…

⎯⎯⎯⎯⎯⎯⎯⎯⎯⎯⎯⎯⎯⎯⎯⎯⎯⎯⎯⎯⎯⎯⎯[4/12]⎯

 FAIL  |e2e| selection-states.e2e.ts > selection and control states (#171) > desktop-light-comfortable: enabled boundaries contrast and disabled selectors remain unavailable
 FAIL  |e2e| selection-states.e2e.ts > selection and control states (#171) > desktop-light-ultra: enabled boundaries contrast and disabled selectors remain unavailable
AssertionError: rest: {"background":"rgb(255, 255, 255)","foreground":"rgb(226, 229, 238)","ratio":1.2592884448568542}: expected 1.2592884448568542 to be greater than or equal to 3
 ❯ selection-states.e2e.ts:172:69
    170|         const sample = browser.evaluate(contrastSampleExpression(model…
    171|         samples.push({ variant: variantId, target: model, state, ...sa…
    172|         expect(sample.ratio, `${state}: ${JSON.stringify(sample)}`).to…
       |                                                                     ^
    173|         const outside = browser.evaluate(contrastSampleExpression(mode…
    174|         expect(outside.ratio, `${state} outside: ${JSON.stringify(outs…

⎯⎯⎯⎯⎯⎯⎯⎯⎯⎯⎯⎯⎯⎯⎯⎯⎯⎯⎯⎯⎯⎯⎯[5/12]⎯


 Test Files  1 failed (1)
      Tests  12 failed | 5 passed (17)
   Start at  14:52:23
   Duration  17.18s (transform 38ms, setup 0ms, import 56ms, tests 16.91s, environment 0ms)

