
> test
> vitest run --config packages/web/e2e/vitest.config.ts selection-states.e2e.ts project-groups.e2e.ts workflows.e2e.ts task-changes.e2e.ts skills-update.e2e.ts


 RUN  v4.1.10 /home/agent/projects/cezar/.ai/cezar/worktrees/86a5f50c-6f3c-4c93-ba2f-489eeaf1613f/packages/web/e2e

 ❯ |e2e| task-changes.e2e.ts (7 tests | 2 failed) 58403ms
     × the Session header tab navigates to /changes: tree, toolbar and the real diff 25790ms
     × the toolbar comes from the policy: Push, Create PR, Commit, and kebab 25032ms
 ❯ |e2e| selection-states.e2e.ts (17 tests | 8 failed) 26560ms
     × mobile-dark-comfortable: enabled control icons contrast and disabled selectors remain unavailable 445ms
     × mobile-light-comfortable: enabled control icons contrast and disabled selectors remain unavailable 351ms
     × mobile-dark-ultra: enabled control icons contrast and disabled selectors remain unavailable 350ms
     × mobile-light-ultra: enabled control icons contrast and disabled selectors remain unavailable 335ms
     × desktop-dark-comfortable: enabled control icons contrast and disabled selectors remain unavailable 364ms
     × desktop-light-comfortable: enabled control icons contrast and disabled selectors remain unavailable 347ms
     × desktop-dark-ultra: enabled control icons contrast and disabled selectors remain unavailable 400ms
     × desktop-light-ultra: enabled control icons contrast and disabled selectors remain unavailable 366ms
 ❯ |e2e| project-groups.e2e.ts (4 tests | 1 failed | 1 skipped) 11262ms
     × scopes every group nav to its own project, and lights only the active one 289ms

⎯⎯⎯⎯⎯⎯ Failed Tests 11 ⎯⎯⎯⎯⎯⎯⎯

 FAIL  |e2e| project-groups.e2e.ts > the grouped multi-project sidebar > scopes every group nav to its own project, and lights only the active one
AssertionError: expected [] to deeply equal [ '/p/e2e-alpha/', …(4) ]

- Expected
+ Received

- [
-   "/p/e2e-alpha/",
-   "/p/e2e-alpha/git",
-   "/p/e2e-alpha/skills",
-   "/p/e2e-alpha/workflows",
-   "/p/e2e-alpha/settings",
- ]
+ []

 ❯ project-groups.e2e.ts:250:29
    248|     // The whole point of a group: it links into a project that is NOT…
    249|     expect(hrefs(bootProject)).toEqual(expectedNavHrefs(bootProject))
    250|     expect(hrefs(ALPHA.id)).toEqual(expectedNavHrefs(ALPHA.id))
       |                             ^
    251|
    252|     // `/git` is a flat, project-agnostic route, so exactly one Git ro…

⎯⎯⎯⎯⎯⎯⎯⎯⎯⎯⎯⎯⎯⎯⎯⎯⎯⎯⎯⎯⎯⎯⎯[1/11]⎯

 FAIL  |e2e| selection-states.e2e.ts > selection and control states (#171) > mobile-dark-comfortable: enabled control icons contrast and disabled selectors remain unavailable
 FAIL  |e2e| selection-states.e2e.ts > selection and control states (#171) > mobile-dark-ultra: enabled control icons contrast and disabled selectors remain unavailable
AssertionError: expected 'rgb(11, 15, 23)' not to be 'rgb(11, 15, 23)' // Object.is equality
 ❯ selection-states.e2e.ts:172:47
    170|             target: document.querySelector('${model}').matches(':hover…
    171|           })`)).toEqual({ hover: true, target: true })
    172|           expect(style(model).background).not.toBe(enabledStyle.backgr…
       |                                               ^
    173|         }
    174|         if (state === 'focus') focus(model)

⎯⎯⎯⎯⎯⎯⎯⎯⎯⎯⎯⎯⎯⎯⎯⎯⎯⎯⎯⎯⎯⎯⎯[2/11]⎯

 FAIL  |e2e| selection-states.e2e.ts > selection and control states (#171) > mobile-light-comfortable: enabled control icons contrast and disabled selectors remain unavailable
 FAIL  |e2e| selection-states.e2e.ts > selection and control states (#171) > mobile-light-ultra: enabled control icons contrast and disabled selectors remain unavailable
AssertionError: expected 'rgb(248, 250, 252)' not to be 'rgb(248, 250, 252)' // Object.is equality
 ❯ selection-states.e2e.ts:172:47
    170|             target: document.querySelector('${model}').matches(':hover…
    171|           })`)).toEqual({ hover: true, target: true })
    172|           expect(style(model).background).not.toBe(enabledStyle.backgr…
       |                                               ^
    173|         }
    174|         if (state === 'focus') focus(model)

⎯⎯⎯⎯⎯⎯⎯⎯⎯⎯⎯⎯⎯⎯⎯⎯⎯⎯⎯⎯⎯⎯⎯[3/11]⎯

 FAIL  |e2e| selection-states.e2e.ts > selection and control states (#171) > desktop-dark-comfortable: enabled control icons contrast and disabled selectors remain unavailable
 FAIL  |e2e| selection-states.e2e.ts > selection and control states (#171) > desktop-dark-ultra: enabled control icons contrast and disabled selectors remain unavailable
AssertionError: expected 'rgb(18, 23, 34)' not to be 'rgb(18, 23, 34)' // Object.is equality
 ❯ selection-states.e2e.ts:172:47
    170|             target: document.querySelector('${model}').matches(':hover…
    171|           })`)).toEqual({ hover: true, target: true })
    172|           expect(style(model).background).not.toBe(enabledStyle.backgr…
       |                                               ^
    173|         }
    174|         if (state === 'focus') focus(model)

⎯⎯⎯⎯⎯⎯⎯⎯⎯⎯⎯⎯⎯⎯⎯⎯⎯⎯⎯⎯⎯⎯⎯[4/11]⎯

 FAIL  |e2e| selection-states.e2e.ts > selection and control states (#171) > desktop-light-comfortable: enabled control icons contrast and disabled selectors remain unavailable
 FAIL  |e2e| selection-states.e2e.ts > selection and control states (#171) > desktop-light-ultra: enabled control icons contrast and disabled selectors remain unavailable
AssertionError: expected 'rgb(255, 255, 255)' not to be 'rgb(255, 255, 255)' // Object.is equality
 ❯ selection-states.e2e.ts:172:47
    170|             target: document.querySelector('${model}').matches(':hover…
    171|           })`)).toEqual({ hover: true, target: true })
    172|           expect(style(model).background).not.toBe(enabledStyle.backgr…
       |                                               ^
    173|         }
    174|         if (state === 'focus') focus(model)

⎯⎯⎯⎯⎯⎯⎯⎯⎯⎯⎯⎯⎯⎯⎯⎯⎯⎯⎯⎯⎯⎯⎯[5/11]⎯

 FAIL  |e2e| task-changes.e2e.ts > the Changes tab against a live dry run > the Session header tab navigates to /changes: tree, toolbar and the real diff
Error: cezar e2e: agent-browser wait --fn document.querySelector('[data-slot="main"]').scrollTop === 0 failed
 ❯ AgentBrowser.run agent-browser.ts:157:13
    155|       })
    156|     } catch (cause) {
    157|       throw new Error(`cezar e2e: agent-browser ${args.join(' ')} fail…
       |             ^
    158|     }
    159|     const parsed = JSON.parse(stdout) as { success: boolean; data?: un…
 ❯ AgentBrowser.waitForFunction agent-browser.ts:209:10
 ❯ task-changes.e2e.ts:146:13

Caused by: Error: Command failed: /tmp/cez-e2e-86/agent-browser --session e2e-changes-3377569 wait --fn document.querySelector('[data-slot="main"]').scrollTop === 0 --json
 ❯ AgentBrowser.run agent-browser.ts:150:16
 ❯ AgentBrowser.waitForFunction agent-browser.ts:209:10
 ❯ task-changes.e2e.ts:146:13

⎯⎯⎯⎯⎯⎯⎯⎯⎯⎯⎯⎯⎯⎯⎯⎯⎯⎯⎯⎯⎯⎯⎯⎯⎯⎯⎯⎯⎯⎯
Serialized Error: { status: 1, signal: null, output: [ null, '{"success":false,"data":null,"error":"Wait timed out after 25000ms"}\n', '' ], pid: 3378134, stdout: '{"success":false,"data":null,"error":"Wait timed out after 25000ms"}\n', stderr: '' }
⎯⎯⎯⎯⎯⎯⎯⎯⎯⎯⎯⎯⎯⎯⎯⎯⎯⎯⎯⎯⎯⎯⎯[6/11]⎯

 FAIL  |e2e| task-changes.e2e.ts > the Changes tab against a live dry run > the toolbar comes from the policy: Push, Create PR, Commit, and kebab
Error: cezar e2e: agent-browser wait --fn document.querySelector('[data-slot="git-toolbar"] [data-action="push"]')?.disabled === false failed
 ❯ AgentBrowser.run agent-browser.ts:157:13
    155|       })
    156|     } catch (cause) {
    157|       throw new Error(`cezar e2e: agent-browser ${args.join(' ')} fail…
       |             ^
    158|     }
    159|     const parsed = JSON.parse(stdout) as { success: boolean; data?: un…
 ❯ AgentBrowser.waitForFunction agent-browser.ts:209:10
 ❯ task-changes.e2e.ts:183:13

Caused by: Error: Command failed: /tmp/cez-e2e-86/agent-browser --session e2e-changes-3377569 wait --fn document.querySelector('[data-slot="git-toolbar"] [data-action="push"]')?.disabled === false --json
 ❯ AgentBrowser.run agent-browser.ts:150:16
 ❯ AgentBrowser.waitForFunction agent-browser.ts:209:10
 ❯ task-changes.e2e.ts:183:13

⎯⎯⎯⎯⎯⎯⎯⎯⎯⎯⎯⎯⎯⎯⎯⎯⎯⎯⎯⎯⎯⎯⎯⎯⎯⎯⎯⎯⎯⎯
Serialized Error: { status: 1, signal: null, output: [ null, '{"success":false,"data":null,"error":"Wait timed out after 25000ms"}\n', '' ], pid: 3378539, stdout: '{"success":false,"data":null,"error":"Wait timed out after 25000ms"}\n', stderr: '' }
⎯⎯⎯⎯⎯⎯⎯⎯⎯⎯⎯⎯⎯⎯⎯⎯⎯⎯⎯⎯⎯⎯⎯[7/11]⎯


 Test Files  3 failed | 2 passed (5)
      Tests  11 failed | 27 passed | 1 skipped (39)
   Start at  15:27:11
   Duration  115.46s (transform 90ms, setup 0ms, import 171ms, tests 114.59s, environment 0ms)

