
> test:e2e
> sh .ai/scripts/e2e.sh --force

[test-env] not reusing: --force was passed
[test-env] stopping stale instance (pid 2492973)
[test-env] build cache hit — skipping npm ci && npm run build
[test-env] starting cezar on http://127.0.0.1:53287 (CEZ_DRY_RUN=1)
[test-env] healthy after 1s
TEST_ENV_STATUS=running
TEST_ENV_BASE_URL=http://127.0.0.1:53287
TEST_ENV_DESCRIPTOR=.ai/qa/test-env.json
TEST_ENV_REUSED=0
BROWSER_PROVIDER=agent-browser
BROWSER_INSTALLED=0

################################################################################
# E2E SKIPPED — the UI was NOT verified.
#
# Reason: live browser launch failed after autonomous install
#
# The agent-browser provider (.ai/browsers/agent-browser.md) could not be
# provisioned here, so no spec ran. This is NOT a pass. Re-run on a machine with
# network access to the GitHub Releases and Chrome-for-Testing hosts.
################################################################################

TEST_E2E_STATUS=skipped
