
> test
> vitest run --config packages/web/e2e/vitest.config.ts quick-list.e2e.ts


 RUN  v4.1.10 /home/agent/projects/cezar/.ai/cezar/worktrees/86a5f50c-6f3c-4c93-ba2f-489eeaf1613f/packages/web/e2e

 ❯ |e2e| quick-list.e2e.ts (27 tests | 1 failed) 18032ms
     × allocates two contained title lines without crowding desktop metadata or actions 1733ms

⎯⎯⎯⎯⎯⎯⎯ Failed Tests 1 ⎯⎯⎯⎯⎯⎯⎯

 FAIL  |e2e| quick-list.e2e.ts > tasks table overview > allocates two contained title lines without crowding desktop metadata or actions
AssertionError: expected { preference: '360', …(2) } to deeply equal { preference: '360', …(2) }

- Expected
+ Received

  {
    "preference": "360",
    "sidebarWidth": 360,
-   "taskWidth": 320,
+   "taskWidth": 326.84375,
  }

 ❯ quick-list.e2e.ts:656:23
    654|         taskWidth: document.querySelector('${TABLE_ROW} td[data-column…
    655|       })`) as { preference: string; sidebarWidth: number; taskWidth: n…
    656|       expect(resized).toEqual({ preference: '360', sidebarWidth: 360, …
       |                       ^
    657|     } finally {
    658|       browser.evaluate(`(() => {

⎯⎯⎯⎯⎯⎯⎯⎯⎯⎯⎯⎯⎯⎯⎯⎯⎯⎯⎯⎯⎯⎯⎯⎯[1/1]⎯


 Test Files  1 failed (1)
      Tests  1 failed | 26 passed (27)
   Start at  15:08:14
   Duration  18.27s (transform 45ms, setup 0ms, import 62ms, tests 18.03s, environment 0ms)

