
> test
> vitest run --config packages/web/e2e/vitest.config.ts github.e2e.ts repo-git.e2e.ts task-changes.e2e.ts worker-relationships.e2e.ts mobile-task-controls.e2e.ts


 RUN  v4.1.10 /home/agent/projects/cezar/.ai/cezar/worktrees/86a5f50c-6f3c-4c93-ba2f-489eeaf1613f/packages/web/e2e

 ❯ |e2e| github.e2e.ts (32 tests | 1 failed) 88505ms
     × lays out long issue and pull-request titles at the review viewports in both themes and densities 525ms
 ❯ |e2e| task-changes.e2e.ts (7 tests | 2 failed) 58586ms
     × the Session header tab navigates to /changes: tree, toolbar and the real diff 25873ms
     × the toolbar comes from the policy: Push, Create PR, Commit, and kebab 25037ms
 ❯ |e2e| worker-relationships.e2e.ts (8 tests | 5 failed) 8190ms
   × retains all 32 scoped links on Session, Changes, Commits and Files, including archived workers 737ms
   × 1440x900 light: keyboard reaches last worker under sticky header with 44px targets 719ms
   × 1440x900 dark: keyboard reaches last worker under sticky header with 44px targets 688ms
   × shows unavailable parent with retry, successful empty state, worker wait and preserved human ask attribution 562ms
   × retains known IDs during loading, request error and offline pause, then retries real relationships 555ms
 ❯ |e2e| mobile-task-controls.e2e.ts (16 tests | 1 failed) 14436ms
     × retains the query while page and drawer selection stay independent across resize 813ms

⎯⎯⎯⎯⎯⎯⎯ Failed Tests 9 ⎯⎯⎯⎯⎯⎯⎯

 FAIL  |e2e| github.e2e.ts > the GitHub tab against the live dry-run server > lays out long issue and pull-request titles at the review viewports in both themes and densities
AssertionError: expected 562.5 to be less than or equal to 3
 ❯ github.e2e.ts:369:40
    367|               expect(facts.titleLines).toBe(2)
    368|               expect(facts.titleClamped).toBe(true)
    369|               expect(facts.iconOffset).toBeLessThanOrEqual(3)
       |                                        ^
    370|               expect(facts.metaLines).toBeGreaterThan(1)
    371|             } else {

⎯⎯⎯⎯⎯⎯⎯⎯⎯⎯⎯⎯⎯⎯⎯⎯⎯⎯⎯⎯⎯⎯⎯⎯[1/9]⎯

 FAIL  |e2e| mobile-task-controls.e2e.ts > mobile Tasks controls > retains the query while page and drawer selection stay independent across resize
Error: cezar e2e: agent-browser eval document.querySelector('[data-slot="mobile-nav-drawer"] [data-slot="view-tab"][data-view="active"]').getAttribute('aria-pressed') failed
 ❯ AgentBrowser.run agent-browser.ts:157:13
    155|       })
    156|     } catch (cause) {
    157|       throw new Error(`cezar e2e: agent-browser ${args.join(' ')} fail…
       |             ^
    158|     }
    159|     const parsed = JSON.parse(stdout) as { success: boolean; data?: un…
 ❯ AgentBrowser.evaluate agent-browser.ts:259:17
 ❯ mobile-task-controls.e2e.ts:99:20

Caused by: Error: Command failed: /tmp/cez-e2e-86/agent-browser --session controls-3007677 eval document.querySelector('[data-slot="mobile-nav-drawer"] [data-slot="view-tab"][data-view="active"]').getAttribute('aria-pressed') --json
 ❯ AgentBrowser.run agent-browser.ts:150:16
 ❯ AgentBrowser.evaluate agent-browser.ts:259:17
 ❯ mobile-task-controls.e2e.ts:99:20

⎯⎯⎯⎯⎯⎯⎯⎯⎯⎯⎯⎯⎯⎯⎯⎯⎯⎯⎯⎯⎯⎯⎯⎯⎯⎯⎯⎯⎯⎯
Serialized Error: { status: 1, signal: null, output: [ null, '{"success":false,"data":null,"error":"Evaluation error: TypeError: Cannot read properties of null (reading \'getAttribute\')\n    at <anonymous>:1:101"}\n', '' ], pid: 3008114, stdout: '{"success":false,"data":null,"error":"Evaluation error: TypeError: Cannot read properties of null (reading \'getAttribute\')\n    at <anonymous>:1:101"}\n', stderr: '' }
⎯⎯⎯⎯⎯⎯⎯⎯⎯⎯⎯⎯⎯⎯⎯⎯⎯⎯⎯⎯⎯⎯⎯⎯[2/9]⎯

 FAIL  |e2e| task-changes.e2e.ts > the Changes tab against a live dry run > the Session header tab navigates to /changes: tree, toolbar and the real diff
Error: cezar e2e: agent-browser wait --fn document.querySelector('[data-slot="git-toolbar"]') !== null failed
 ❯ AgentBrowser.run agent-browser.ts:157:13
    155|       })
    156|     } catch (cause) {
    157|       throw new Error(`cezar e2e: agent-browser ${args.join(' ')} fail…
       |             ^
    158|     }
    159|     const parsed = JSON.parse(stdout) as { success: boolean; data?: un…
 ❯ AgentBrowser.waitForFunction agent-browser.ts:209:10
 ❯ task-changes.e2e.ts:144:13

Caused by: Error: Command failed: /tmp/cez-e2e-86/agent-browser --session e2e-changes-2999452 wait --fn document.querySelector('[data-slot="git-toolbar"]') !== null --json
 ❯ AgentBrowser.run agent-browser.ts:150:16
 ❯ AgentBrowser.waitForFunction agent-browser.ts:209:10
 ❯ task-changes.e2e.ts:144:13

⎯⎯⎯⎯⎯⎯⎯⎯⎯⎯⎯⎯⎯⎯⎯⎯⎯⎯⎯⎯⎯⎯⎯⎯⎯⎯⎯⎯⎯⎯
Serialized Error: { status: 1, signal: null, output: [ null, '{"success":false,"data":null,"error":"Wait timed out after 25000ms"}\n', '' ], pid: 3000292, stdout: '{"success":false,"data":null,"error":"Wait timed out after 25000ms"}\n', stderr: '' }
⎯⎯⎯⎯⎯⎯⎯⎯⎯⎯⎯⎯⎯⎯⎯⎯⎯⎯⎯⎯⎯⎯⎯⎯[3/9]⎯

 FAIL  |e2e| task-changes.e2e.ts > the Changes tab against a live dry run > the toolbar comes from the policy: Push, Create PR, Commit, and kebab
Error: cezar e2e: agent-browser wait --fn document.querySelector('[data-slot="git-toolbar"] [data-action="push"]')?.disabled === false failed
 ❯ AgentBrowser.run agent-browser.ts:157:13
    155|       })
    156|     } catch (cause) {
    157|       throw new Error(`cezar e2e: agent-browser ${args.join(' ')} fail…
       |             ^
    158|     }
    159|     const parsed = JSON.parse(stdout) as { success: boolean; data?: un…
 ❯ AgentBrowser.waitForFunction agent-browser.ts:209:10
 ❯ task-changes.e2e.ts:171:13

Caused by: Error: Command failed: /tmp/cez-e2e-86/agent-browser --session e2e-changes-2999452 wait --fn document.querySelector('[data-slot="git-toolbar"] [data-action="push"]')?.disabled === false --json
 ❯ AgentBrowser.run agent-browser.ts:150:16
 ❯ AgentBrowser.waitForFunction agent-browser.ts:209:10
 ❯ task-changes.e2e.ts:171:13

⎯⎯⎯⎯⎯⎯⎯⎯⎯⎯⎯⎯⎯⎯⎯⎯⎯⎯⎯⎯⎯⎯⎯⎯⎯⎯⎯⎯⎯⎯
Serialized Error: { status: 1, signal: null, output: [ null, '{"success":false,"data":null,"error":"Wait timed out after 25000ms"}\n', '' ], pid: 3002879, stdout: '{"success":false,"data":null,"error":"Wait timed out after 25000ms"}\n', stderr: '' }
⎯⎯⎯⎯⎯⎯⎯⎯⎯⎯⎯⎯⎯⎯⎯⎯⎯⎯⎯⎯⎯⎯⎯⎯[4/9]⎯

 FAIL  |e2e| worker-relationships.e2e.ts > retains all 32 scoped links on Session, Changes, Commits and Files, including archived workers
Error: cezar e2e: agent-browser is visible [aria-label="Task relationships"] > button[aria-expanded="false"] failed
 ❯ AgentBrowser.run agent-browser.ts:157:13
    155|       })
    156|     } catch (cause) {
    157|       throw new Error(`cezar e2e: agent-browser ${args.join(' ')} fail…
       |             ^
    158|     }
    159|     const parsed = JSON.parse(stdout) as { success: boolean; data?: un…
 ❯ AgentBrowser.isVisible agent-browser.ts:191:17
 ❯ open worker-relationships.e2e.ts:81:15
 ❯ worker-relationships.e2e.ts:86:5

Caused by: Error: Command failed: /tmp/cez-e2e-86/agent-browser --session e2e-workers-3004686 is visible [aria-label="Task relationships"] > button[aria-expanded="false"] --json
 ❯ AgentBrowser.run agent-browser.ts:150:16
 ❯ AgentBrowser.isVisible agent-browser.ts:191:17
 ❯ open worker-relationships.e2e.ts:81:15
 ❯ worker-relationships.e2e.ts:86:5

⎯⎯⎯⎯⎯⎯⎯⎯⎯⎯⎯⎯⎯⎯⎯⎯⎯⎯⎯⎯⎯⎯⎯⎯⎯⎯⎯⎯⎯⎯
Serialized Error: { status: 1, signal: null, output: [ null, '{"success":false,"data":null,"error":"Element not found: [aria-label=\"Task relationships\"] > button[aria-expanded=\"false\"]. Verify the selector, role, or name is correct and the element exists in the DOM."}\n', '' ], pid: 3005233, stdout: '{"success":false,"data":null,"error":"Element not found: [aria-label=\"Task relationships\"] > button[aria-expanded=\"false\"]. Verify the selector, role, or name is correct and the element exists in the DOM."}\n', stderr: '' }
⎯⎯⎯⎯⎯⎯⎯⎯⎯⎯⎯⎯⎯⎯⎯⎯⎯⎯⎯⎯⎯⎯⎯⎯[5/9]⎯

 FAIL  |e2e| worker-relationships.e2e.ts > 1440x900 light: keyboard reaches last worker under sticky header with 44px targets
 FAIL  |e2e| worker-relationships.e2e.ts > 1440x900 dark: keyboard reaches last worker under sticky header with 44px targets
Error: cezar e2e: agent-browser is visible [aria-label="Task relationships"] > button[aria-expanded="false"] failed
 ❯ AgentBrowser.run agent-browser.ts:157:13
    155|       })
    156|     } catch (cause) {
    157|       throw new Error(`cezar e2e: agent-browser ${args.join(' ')} fail…
       |             ^
    158|     }
    159|     const parsed = JSON.parse(stdout) as { success: boolean; data?: un…
 ❯ AgentBrowser.isVisible agent-browser.ts:191:17
 ❯ open worker-relationships.e2e.ts:81:15
 ❯ worker-relationships.e2e.ts:101:5

Caused by: Error: Command failed: /tmp/cez-e2e-86/agent-browser --session e2e-workers-3004686 is visible [aria-label="Task relationships"] > button[aria-expanded="false"] --json
 ❯ AgentBrowser.run agent-browser.ts:150:16
 ❯ AgentBrowser.isVisible agent-browser.ts:191:17
 ❯ open worker-relationships.e2e.ts:81:15
 ❯ worker-relationships.e2e.ts:101:5

⎯⎯⎯⎯⎯⎯⎯⎯⎯⎯⎯⎯⎯⎯⎯⎯⎯⎯⎯⎯⎯⎯⎯⎯⎯⎯⎯⎯⎯⎯
Serialized Error: { status: 1, signal: null, output: [ null, '{"success":false,"data":null,"error":"Element not found: [aria-label=\"Task relationships\"] > button[aria-expanded=\"false\"]. Verify the selector, role, or name is correct and the element exists in the DOM."}\n', '' ], pid: 3005312, stdout: '{"success":false,"data":null,"error":"Element not found: [aria-label=\"Task relationships\"] > button[aria-expanded=\"false\"]. Verify the selector, role, or name is correct and the element exists in the DOM."}\n', stderr: '' }
⎯⎯⎯⎯⎯⎯⎯⎯⎯⎯⎯⎯⎯⎯⎯⎯⎯⎯⎯⎯⎯⎯⎯⎯[6/9]⎯

 FAIL  |e2e| worker-relationships.e2e.ts > shows unavailable parent with retry, successful empty state, worker wait and preserved human ask attribution
Error: cezar e2e: agent-browser is visible [aria-label="Task relationships"] > button[aria-expanded="false"] failed
 ❯ AgentBrowser.run agent-browser.ts:157:13
    155|       })
    156|     } catch (cause) {
    157|       throw new Error(`cezar e2e: agent-browser ${args.join(' ')} fail…
       |             ^
    158|     }
    159|     const parsed = JSON.parse(stdout) as { success: boolean; data?: un…
 ❯ AgentBrowser.isVisible agent-browser.ts:191:17
 ❯ open worker-relationships.e2e.ts:81:15
 ❯ worker-relationships.e2e.ts:128:3

Caused by: Error: Command failed: /tmp/cez-e2e-86/agent-browser --session e2e-workers-3004686 is visible [aria-label="Task relationships"] > button[aria-expanded="false"] --json
 ❯ AgentBrowser.run agent-browser.ts:150:16
 ❯ AgentBrowser.isVisible agent-browser.ts:191:17
 ❯ open worker-relationships.e2e.ts:81:15
 ❯ worker-relationships.e2e.ts:128:3

⎯⎯⎯⎯⎯⎯⎯⎯⎯⎯⎯⎯⎯⎯⎯⎯⎯⎯⎯⎯⎯⎯⎯⎯⎯⎯⎯⎯⎯⎯
Serialized Error: { status: 1, signal: null, output: [ null, '{"success":false,"data":null,"error":"Element not found: [aria-label=\"Task relationships\"] > button[aria-expanded=\"false\"]. Verify the selector, role, or name is correct and the element exists in the DOM."}\n', '' ], pid: 3005644, stdout: '{"success":false,"data":null,"error":"Element not found: [aria-label=\"Task relationships\"] > button[aria-expanded=\"false\"]. Verify the selector, role, or name is correct and the element exists in the DOM."}\n', stderr: '' }
⎯⎯⎯⎯⎯⎯⎯⎯⎯⎯⎯⎯⎯⎯⎯⎯⎯⎯⎯⎯⎯⎯⎯⎯[7/9]⎯

 FAIL  |e2e| worker-relationships.e2e.ts > retains known IDs during loading, request error and offline pause, then retries real relationships
Error: cezar e2e: agent-browser is visible [aria-label="Task relationships"] > button[aria-expanded="false"] failed
 ❯ AgentBrowser.run agent-browser.ts:157:13
    155|       })
    156|     } catch (cause) {
    157|       throw new Error(`cezar e2e: agent-browser ${args.join(' ')} fail…
       |             ^
    158|     }
    159|     const parsed = JSON.parse(stdout) as { success: boolean; data?: un…
 ❯ AgentBrowser.isVisible agent-browser.ts:191:17
 ❯ open worker-relationships.e2e.ts:81:15
 ❯ worker-relationships.e2e.ts:161:3

Caused by: Error: Command failed: /tmp/cez-e2e-86/agent-browser --session e2e-workers-3004686 is visible [aria-label="Task relationships"] > button[aria-expanded="false"] --json
 ❯ AgentBrowser.run agent-browser.ts:150:16
 ❯ AgentBrowser.isVisible agent-browser.ts:191:17
 ❯ open worker-relationships.e2e.ts:81:15
 ❯ worker-relationships.e2e.ts:161:3

⎯⎯⎯⎯⎯⎯⎯⎯⎯⎯⎯⎯⎯⎯⎯⎯⎯⎯⎯⎯⎯⎯⎯⎯⎯⎯⎯⎯⎯⎯
Serialized Error: { status: 1, signal: null, output: [ null, '{"success":false,"data":null,"error":"Element not found: [aria-label=\"Task relationships\"] > button[aria-expanded=\"false\"]. Verify the selector, role, or name is correct and the element exists in the DOM."}\n', '' ], pid: 3005688, stdout: '{"success":false,"data":null,"error":"Element not found: [aria-label=\"Task relationships\"] > button[aria-expanded=\"false\"]. Verify the selector, role, or name is correct and the element exists in the DOM."}\n', stderr: '' }
⎯⎯⎯⎯⎯⎯⎯⎯⎯⎯⎯⎯⎯⎯⎯⎯⎯⎯⎯⎯⎯⎯⎯⎯[8/9]⎯


 Test Files  4 failed | 1 passed (5)
      Tests  9 failed | 59 passed (68)
   Start at  14:46:39
   Duration  183.62s (transform 97ms, setup 0ms, import 167ms, tests 182.73s, environment 1ms)

