
> test
> vitest run --config packages/web/e2e/vitest.config.ts selection-states.e2e.ts project-groups.e2e.ts task-changes.e2e.ts


 RUN  v4.1.10 /home/agent/projects/cezar/.ai/cezar/worktrees/86a5f50c-6f3c-4c93-ba2f-489eeaf1613f/packages/web/e2e

 ❯ |e2e| project-groups.e2e.ts (4 tests | 1 failed | 1 skipped) 2423ms
     × scopes every group nav to its own project, and lights only the active one 456ms

⎯⎯⎯⎯⎯⎯⎯ Failed Tests 1 ⎯⎯⎯⎯⎯⎯⎯

 FAIL  |e2e| project-groups.e2e.ts > the grouped multi-project sidebar > scopes every group nav to its own project, and lights only the active one
AssertionError: expected [ '/p/e2e-alpha/' ] to deeply equal [ '/p/e2e-alpha/git' ]

- Expected
+ Received

  [
-   "/p/e2e-alpha/git",
+   "/p/e2e-alpha/",
  ]

 ❯ project-groups.e2e.ts:268:154
    266|     browser.click(`${groupBody(ALPHA.id)} nav a[href="${scoped(ALPHA.i…
    267|     browser.waitForFunction(`location.pathname === '${scoped(ALPHA.id,…
    268|     expect(browser.evaluate(`[...document.querySelectorAll('[data-slot…
       |                                                                                                                                                          ^
    269|
    270|   })

⎯⎯⎯⎯⎯⎯⎯⎯⎯⎯⎯⎯⎯⎯⎯⎯⎯⎯⎯⎯⎯⎯⎯⎯[1/1]⎯


 Test Files  1 failed | 2 passed (3)
      Tests  1 failed | 26 passed | 1 skipped (28)
   Start at  15:30:30
   Duration  40.77s (transform 65ms, setup 0ms, import 103ms, tests 40.25s, environment 0ms)

