
> test
> vitest run --config packages/web/e2e/vitest.config.ts quick-list.e2e.ts


 RUN  v4.1.10 /home/agent/projects/cezar/.ai/cezar/worktrees/86a5f50c-6f3c-4c93-ba2f-489eeaf1613f/packages/web/e2e

 ❯ |e2e| quick-list.e2e.ts (27 tests | 1 failed) 28048ms
     × allocates two contained title lines without crowding desktop metadata or actions 1601ms

⎯⎯⎯⎯⎯⎯⎯ Failed Tests 1 ⎯⎯⎯⎯⎯⎯⎯

 FAIL  |e2e| quick-list.e2e.ts > tasks table overview > allocates two contained title lines without crowding desktop metadata or actions
AssertionError: expected { preference: '360', …(2) } to deeply equal { preference: '360', …(2) }

- Expected
+ Received

  {
    "preference": "360",
    "sidebarWidth": 360,
-   "taskWidth": 320,
+   "taskWidth": 0,
  }

 ❯ quick-list.e2e.ts:655:23
    653|         taskWidth: document.querySelector('${TABLE_ROW} td[data-column…
    654|       })`) as { preference: string; sidebarWidth: number; taskWidth: n…
    655|       expect(resized).toEqual({ preference: '360', sidebarWidth: 360, …
       |                       ^
    656|     } finally {
    657|       browser.evaluate(`(() => {

⎯⎯⎯⎯⎯⎯⎯⎯⎯⎯⎯⎯⎯⎯⎯⎯⎯⎯⎯⎯⎯⎯⎯⎯[1/1]⎯


 Test Files  1 failed (1)
      Tests  1 failed | 26 passed (27)
   Start at  15:04:21
   Duration  28.33s (transform 58ms, setup 0ms, import 81ms, tests 28.05s, environment 0ms)

