
> test
> vitest run --config packages/web/e2e/vitest.config.ts packages/web/e2e/composer.e2e.ts packages/web/e2e/tools-menu.e2e.ts packages/web/e2e/variants-compare.e2e.ts packages/web/e2e/inbox.e2e.ts


 RUN  v4.1.10 /home/agent/projects/cezar/.ai/cezar/worktrees/86a5f50c-6f3c-4c93-ba2f-489eeaf1613f/packages/web/e2e

 ❯ |e2e| variants-compare.e2e.ts (5 tests | 1 failed) 6734ms
     × renders a column per variant with letter, status, spend, --stat and Progress 556ms

⎯⎯⎯⎯⎯⎯⎯ Failed Tests 1 ⎯⎯⎯⎯⎯⎯⎯

 FAIL  |e2e| variants-compare.e2e.ts > the variants compare view against two settled dry runs > renders a column per variant with letter, status, spend, --stat and Progress
AssertionError: expected '· Needs Review' to contain 'needs review'

Expected: "needs review"
Received: "· Needs Review"

 ❯ variants-compare.e2e.ts:153:67
    151|       const col = `[data-slot="variant-column"][data-variant="${letter…
    152|       expect(browser.text(`${col} [data-slot="variant-letter"]`)).toBe…
    153|       expect(browser.text(`${col} [data-slot="variant-status"]`)).toCo…
       |                                                                   ^
    154|       // The mock's notes.md write shows up in git's own --stat words.
    155|       expect(browser.text(`${col} [data-slot="variant-diffstat"]`)).to…

⎯⎯⎯⎯⎯⎯⎯⎯⎯⎯⎯⎯⎯⎯⎯⎯⎯⎯⎯⎯⎯⎯⎯⎯[1/1]⎯


 Test Files  1 failed | 3 passed (4)
      Tests  1 failed | 16 passed | 3 skipped (20)
   Start at  14:24:09
   Duration  27.54s (transform 58ms, setup 0ms, import 104ms, tests 26.88s, environment 0ms)

