x4dva current route captured; visual/state review pending
yhesD current route captured; visual/state review pending
mZMB8 current route captured; visual/state review pending
Pusy6 current route captured; visual/state review pending
cgGWE current route captured; visual/state review pending
igwKt current route captured; visual/state review pending
gVXYn current route captured; visual/state review pending
nu4S5 current route captured; visual/state review pending
QifUP current route captured; visual/state review pending
M8dqPj current route captured; visual/state review pending
X79RX current route captured; visual/state review pending
rxmtI current route captured; visual/state review pending
PjeE9 current route captured; visual/state review pending
feU0A current route captured; visual/state review pending
HClxj current route captured; visual/state review pending
ODSy3 current route captured; visual/state review pending
MFtcY current route captured; visual/state review pending
LAKkC current route captured; visual/state review pending
l3f2r3 current route captured; visual/state review pending
S1Gdo current route captured; visual/state review pending
O2W1k current route captured; visual/state review pending
pf8QM current route captured; visual/state review pending
