UFERI {
  width: 1440,
  scrollWidth: 1440,
  legendText: 'Review and enable',
  fieldsetPosition: 'relative',
  legendPosition: 'absolute',
  legendRight: 1402,
  legendHidden: false,
  fieldsetDisplay: 'grid'
}
Jn0Bt {
  width: 402,
  scrollWidth: 402,
  legendText: 'Review and enable',
  fieldsetPosition: 'relative',
  legendPosition: 'absolute',
  legendRight: 380,
  legendHidden: false,
  fieldsetDisplay: 'grid'
}
YVkaw {
  width: 1440,
  scrollWidth: 1440,
  legendText: 'Review and enable',
  fieldsetPosition: 'relative',
  legendPosition: 'absolute',
  legendRight: 1402,
  legendHidden: false,
  fieldsetDisplay: 'grid'
}
Itxee {
  width: 402,
  scrollWidth: 402,
  legendText: 'Review and enable',
  fieldsetPosition: 'relative',
  legendPosition: 'absolute',
  legendRight: 380,
  legendHidden: false,
  fieldsetDisplay: 'grid'
}
