- generic "CezarionSearch…Ctrl+KNew taskCInbox1cezartask-fixtureTasksGitSkillsWorkflowsSettingsMore…websiteAll" [ref=e1] clickable [onclick]
  - button "Open menu" [expanded=false, ref=e2]
  - button "Switch project: cezar" [expanded=false, ref=e3]
  - heading "GitHub" [level=1, ref=e5]
  - link "Issues · 1" [ref=e6]
  - link "Pull requests · 2" [ref=e7]
  - link "Set up automations" [ref=e8]
  - button "Refresh" [ref=e9]
  - searchbox "Search issues" [ref=e14]
  - button "Labels" [expanded=false, ref=e10]
  - button "Assignees" [expanded=false, disabled, ref=e11]
  - button "Assigned to me" [ref=e12]
  - button "Clear filters" [disabled, ref=e13]
  - link "Keep resource columns readable #219 fixture-user 1h 2 comments checks passing enhancement" [ref=e22]
  - link "Back to the list" [ref=e15]
  - link "open on GitHub" [ref=e16]
  - heading "Keep resource columns readable" [level=2, ref=e17]
  - link "✓ checks passing" [ref=e18]
  - heading "Validation" [level=2, ref=e19]
  - heading "ACTIVITY · 1 COMMENT" [level=3, ref=e23]
  - link "open comment on GitHub" [ref=e33]
  - heading "Hand this to the agent" [level=3, ref=e24]
  - textbox "Custom prompt" [ref=e31]: Fix GitHub issue #219: Keep resource columns readable

https://github.com/example/fixture/issues/219
  - button "Insert a prompt template" [expanded=false, ref=e25]
  - button "Choose a workflow" [expanded=false, ref=e26]
  - button "Choose skills" [expanded=false, ref=e27]
  - button "Runner" [expanded=false, ref=e28]
  - button "Model" [expanded=false, ref=e29]
  - button "Effort" [expanded=false, ref=e30]
  - combobox "Account" [expanded=false, ref=e32]: Default
    - option "Default" [selected, ref=e34]
    - option "Personal account" [ref=e35]
  - link "Open in GitHub" [ref=e20]
  - button "Run agent on this issue" [ref=e21]
  - heading "Command palette" [level=2, ref=e4]
