
> test
> vitest run packages/web/src/routes/new-task.test.tsx -t embeds plan review


 RUN  v4.1.10 /home/agent/projects/cezar/.ai/cezar/worktrees/86a5f50c-6f3c-4c93-ba2f-489eeaf1613f

 ❯ |web| src/routes/new-task.test.tsx (117 tests | 1 failed | 116 skipped) 539ms
     ↓ keeps run options in a disclosure separate from prompt, agent selection, and submission
     ↓ renders the design hero without decorative backdrops and focuses the textarea
     ↓ suggested chips fill the textarea (and only fill — no fetch, no navigation)
     ↓ keeps agent selection with the editor and run settings in the open execution panel
     ↓ hides the runner pill on a single-backend host (legacy rule)
     ↓ filters effort by model and resets an unsupported pick before submission
     ↓ shows the runner pill with >1 backend, and switching runner swaps the model presets
     ↓ excludes disconnected providers from the runner choices even when health detects them
     ↓ excludes connected but disabled providers while retaining an enabled runner choice
     ↓ drops a persisted model preset that belongs to another runner
       ↓ promises isolation only while the run will actually get a worktree
       ↓ explains a non-git folder rather than warning about a checkout
       ↓ follows the workspace Worktree-off policy, not just an explicit click
     ↓ gates variants on git: no repo → pill disabled with the honest reason, base pill gone
     ↓ gates variants on the project repo, not the boot folder: boot without git still offers worktrees
     ↓ base branch pill shows config default (falling back to the checkout) and PUTs /api/v1/config
     ↓ opens with NOTHING picked, whatever the last run used
     ↓ preselects the draft pick, and drops it when the catalog no longer has it
     ↓ the source menu groups: Project skills (bold), Workflows, Global last
     ↓ multi-keyword search: "fix issue" matches om-fix via hyphen-split keywords (#411)
     ↓ multi-keyword search hides items that do not match all words (#411)
     ↓ the ✕ clears in one click, without opening the menu
     ↓ offers no ✕ while nothing is picked — there is nothing to clear
     ↓ Backspace on the focused pill clears it, like a token in a tag field
     ↓ leaves the pill alone on ⌘/Ctrl+Backspace — that is a text gesture, not a picker one
     ↓ picking the SELECTED row again clears it — for a skill and for a workflow
     ↓ the "No skill" row clears the picker, and answers to a search for quick-task
     ↓ a cleared pill stays cleared for the NEXT task, and the started one is not remembered
     ↓ keeps a pending status honest without claiming that providers are missing
     ↓ disables Start and Plan and links to project-aware provider settings when none connect
     ↓ disables submission with verification-failed copy and setup guidance on a status error
     ↓ one connected provider suppresses the runner pill but leaves submission enabled
     ↓ can safely omit the runner while boot health is pending because project config is authoritative
     ↓ posts an explicit connected fallback when the configured default is disconnected
     ↓ stays enabled when one provider is connected and another status is unknown
     ↓ a status refresh enables an already-open form without a reload
     ↓ a SKILL source posts the one-step inline chain and persists lastTask, then navigates
     ↓ a SKILL run with ui-state unavailable omits skillUsage rather than wiping the map
     ↓ a WORKFLOW source posts { workflow, task }
     ↓ NO source posts the plain quick-task, records lastTask:null and no recency entry
     ↓ posts worktree:false after opt-out for every single-step source shape
     ↓ carries an inherited Worktree-off policy into the submitted payload
     ↓ picking a model and ×2 variants rides along; {runs} answer navigates to the FIRST variant
     ↓ shows a locked native default but omits it from the direct run request
     ↓ single-backend hosts omit `runner` when it matches the server default
     ↓ uses the active project default rather than the boot project health default
     ↓ sends an explicit runner pick when boot health claims that runner is the default
     ↓ defaults follow-up generation on, but posts and remembers an explicit opt-out
     ↓ uses the remembered follow-up preference when the draft has no choice
     ↓ applies an interactive skill hint to untouched controls while keeping both overridable
     ↓ lets a multi-step workflow opt out and submits worktree:false
     ↓ hides the follow-up toggle when the server has the inbox off
     ↓ posts generateFollowups:false from an inbox-less server
     ↓ does not overwrite the remembered preference it never offered
     ↓ text and picker choices survive an unmount/remount (navigation away and back)
     ↓ ?skill=&ref= prefill: ref becomes the text, the skill is selected — beating the draft
     ↓ ?todo= prefill: the entry id rides along to POST /api/v1/runs so the inbox entry is marked
     ↓ a plain launch (no ?todo=) sends no todoId — the inbox is left alone
     ↓ carries todoId even when follow-up generation is switched off
     ↓ submit spends the draft text
     ↓ waits for provider status before a valid signed bookmarklet starts
     ↓ waits for project config, then keeps an untouched project-default runner implicit
     ↓ waits for project config and sends a connected fallback when that default is unavailable
     ↓ valid key + auto=1 + skill/ref → starts unattended with the exact legacy body, then the thread
     ↓ uses an explicit connected fallback when the saved server default is disconnected
     ↓ keeps the prefilled composer disabled and does not POST when none are connected
     ↓ ref only (no skill) + valid key → quick-task, exactly like legacy
     ↓ the legacy `task` alias for ref still auto-starts
     ↓ an unknown skill with a valid key STILL starts (legacy never validated it client-side)
     ↓ wrong key + auto=1 → blocked: prefill, a toast, focus on Start, no run, key never rendered
     ↓ missing key + auto=1 → the same blocked path
     ↓ valid key WITHOUT auto=1 → prefill + toast, the key is not even fetched
     ↓ the generic launcher link (auto=0&key=&ref=, no skill) prefills — never starts
     ↓ an unknown skill on the prefill path → honest toast + the legacy quick-task embedding
     ↓ a failed unattended POST falls back to the prefilled composer with the reason
     ↓ cleans the sensitive params from the URL immediately (legacy history.replaceState)
     ↓ cleans the URL on plain prefill links too
     ↓ flips the selected state (#383): aria-checked moves, the submit becomes "Plan task"
     ↓ disables the Autonomous toggle in plan mode (planning is interactive)
     ↓ persists in the draft store across unmount/remount
     ↓ submit in plan mode POSTs /api/v1/plan (never /api/v1/runs) and opens the review overlay
     ↓ a degraded answer shows the fallback note instead of a rationale
     ↓ shows the busy state while planning: "Planning…" on the segment, submit disabled
     ↓ ✕ removes a step and ↑/↓ reorder (the touch-honest path)
     ↓ removing everything leaves the honest empty line and disables Start + Save
     ↓ ▶ Start posts the EDITED steps inline — the exact wire payload — and navigates
     ↓ ▶ Start omits a locked native default from the planned run request
     ↓ ▶ Start uses project config while boot health is still pending
     ↓ does not start a reviewed plan after provider status loses every connection
     ↓ ▶ Start carries the follow-up opt-out from the composer and remembers it
     × embeds plan review in the page and Escape restores focus to the untouched draft 536ms
     ↓ Discard closes the review and hands back the draft untouched
     ↓ asks for the name in a dialog and posts { name, steps } — no overwrite key uninvited
     ↓ a 409 opens the overwrite confirm; Yes retries with overwrite: true
     ↓ a non-409 failure surfaces the server message and keeps the dialog open
     ↓ labels the template picker alongside the skill picker
     ↓ inserts a template into the composer draft at the caret
     ↓ picking a skill auto-applies the templates assigned to it into an empty composer
     ↓ switching to a skill with nothing assigned takes the auto-applied text back out
     ↓ NEVER overwrites a draft the user already typed
     ↓ a workflow never auto-applies — assignment is a skill concept
     ↓ the auto-applied text is what actually gets submitted
     ↓ adds nothing when no second login exists — the zero-config composer is unchanged
     ↓ lists every agent-and-login as ONE flat row, on a single-runner host too
     ↓ starts on the account the repo is set to, without the user picking anything
     ↓ sends `default` explicitly when the repo points elsewhere — not an absent key
     ↓ sends the picked account on the wire
     ↓ sends NOTHING when the repo default is left alone
     ↓ switches back to the discovered account after picking another
     ↓ drops an account belonging to another runner when the runner switches
     ↓ keeps prompt and attachments read-only during delayed success and blocks repeat submits
     ↓ retains failed draft and offers a deliberate retry after HTTP 503
     ↓ retains failed draft and offers a deliberate retry after HTTP 504
     ↓ does not clear or navigate away from a newer draft after the submitting route unmounts
   ↓ a late plan start cannot clear a remounted draft
   ↓ a late bookmarklet start cannot clear a remounted draft
   ↓ clears the submitted dictation draft after delayed creation succeeds

⎯⎯⎯⎯⎯⎯⎯ Failed Tests 1 ⎯⎯⎯⎯⎯⎯⎯

 FAIL  |web| src/routes/new-task.test.tsx > the plan flow > embeds plan review in the page and Escape restores focus to the untouched draft
TestingLibraryElementError: Unable to find an accessible element with the role "heading" and name "New task / Plan first"

Here are the accessible roles:

  dialog:

  Name "Proposed chain":
  [36m<div[39m
    [33maria-describedby[39m=[32m"radix-_r_i_"[39m
    [33maria-labelledby[39m=[32m"radix-_r_h_"[39m
    [33mclass[39m=[32m"fixed z-50 border bg-card shadow-modal duration-200 outline-none data-[state=closed]:animate-out data-[state=closed]:fade-out-0 data-[state=closed]:zoom-out-95 data-[state=open]:animate-in data-[state=open]:fade-in-0 data-[state=open]:zoom-in-95 top-0 left-0 flex h-dvh w-full max-w-full translate-x-0 translate-y-0 flex-col gap-0 rounded-none p-0 sm:top-1/2 sm:left-1/2 sm:h-auto sm:max-h-[85dvh] sm:max-w-[680px] sm:-translate-x-1/2 sm:-translate-y-1/2 sm:rounded-xl"[39m
    [33mdata-slot[39m=[32m"plan-review"[39m
    [33mdata-state[39m=[32m"open"[39m
    [33mid[39m=[32m"radix-_r_g_"[39m
    [33mrole[39m=[32m"dialog"[39m
    [33mstyle[39m=[32m"pointer-events: auto;"[39m
    [33mtabindex[39m=[32m"-1"[39m
  [36m/>[39m

  --------------------------------------------------
  heading:

  Name "Proposed chain":
  [36m<h2[39m
    [33mclass[39m=[32m"text-[11px] font-semibold tracking-[0.08em] text-muted-foreground uppercase"[39m
    [33mdata-slot[39m=[32m"dialog-title"[39m
    [33mid[39m=[32m"radix-_r_h_"[39m
  [36m/>[39m

  --------------------------------------------------
  button:

  Name "Discard the plan":
  [36m<button[39m
    [33maria-label[39m=[32m"Discard the plan"[39m
    [33mclass[39m=[32m"-mt-1 -mr-1 rounded-md p-1 text-muted-foreground transition-colors hover:bg-muted hover:text-foreground"[39m
    [33mdata-slot[39m=[32m"dialog-close"[39m
    [33mtype[39m=[32m"button"[39m
  [36m/>[39m

  Name "Move step 1 up":
  [36m<button[39m
    [33maria-label[39m=[32m"Move step 1 up"[39m
    [33mclass[39m=[32m"inline-flex shrink-0 items-center justify-center gap-[7px] font-semibold whitespace-nowrap transition-[background-color,border-color,opacity,filter] outline-none focus-visible:ring-[3px] focus-visible:ring-ring/50 disabled:pointer-events-none disabled:opacity-50 [&_svg]:pointer-events-none [&_svg]:shrink-0 [&_svg:not([class*='size-'])]:size-4 hover:bg-muted hover:text-foreground rounded-sm size-7 text-muted-foreground"[39m
    [33mdata-size[39m=[32m"icon-sm"[39m
    [33mdata-slot[39m=[32m"plan-step-up"[39m
    [33mdata-variant[39m=[32m"ghost"[39m
    [33mdisabled[39m=[32m""[39m
    [33mtype[39m=[32m"button"[39m
  [36m/>[39m

  Name "Move step 1 down":
  [36m<button[39m
    [33maria-label[39m=[32m"Move step 1 down"[39m
    [33mclass[39m=[32m"inline-flex shrink-0 items-center justify-center gap-[7px] font-semibold whitespace-nowrap transition-[background-color,border-color,opacity,filter] outline-none focus-visible:ring-[3px] focus-visible:ring-ring/50 disabled:pointer-events-none disabled:opacity-50 [&_svg]:pointer-events-none [&_svg]:shrink-0 [&_svg:not([class*='size-'])]:size-4 hover:bg-muted hover:text-foreground rounded-sm size-7 text-muted-foreground"[39m
    [33mdata-size[39m=[32m"icon-sm"[39m
    [33mdata-slot[39m=[32m"plan-step-down"[39m
    [33mdata-variant[39m=[32m"ghost"[39m
    [33mtype[39m=[32m"button"[39m
  [36m/>[39m

  Name "Remove step 1":
  [36m<button[39m
    [33maria-label[39m=[32m"Remove step 1"[39m
    [33mclass[39m=[32m"inline-flex shrink-0 items-center justify-center gap-[7px] font-semibold whitespace-nowrap transition-[background-color,border-color,opacity,filter] outline-none focus-visible:ring-[3px] focus-visible:ring-ring/50 disabled:pointer-events-none disabled:opacity-50 [&_svg]:pointer-events-none [&_svg]:shrink-0 [&_svg:not([class*='size-'])]:size-4 hover:bg-muted rounded-sm size-7 text-muted-foreground hover:text-danger"[39m
    [33mdata-size[39m=[32m"icon-sm"[39m
    [33mdata-slot[39m=[32m"plan-step-remove"[39m
    [33mdata-variant[39m=[32m"ghost"[39m
    [33mtype[39m=[32m"button"[39m
  [36m/>[39m

  Name "Move step 2 up":
  [36m<button[39m
    [33maria-label[39m=[32m"Move step 2 up"[39m
    [33mclass[39m=[32m"inline-flex shrink-0 items-center justify-center gap-[7px] font-semibold whitespace-nowrap transition-[background-color,border-color,opacity,filter] outline-none focus-visible:ring-[3px] focus-visible:ring-ring/50 disabled:pointer-events-none disabled:opacity-50 [&_svg]:pointer-events-none [&_svg]:shrink-0 [&_svg:not([class*='size-'])]:size-4 hover:bg-muted hover:text-foreground rounded-sm size-7 text-muted-foreground"[39m
    [33mdata-size[39m=[32m"icon-sm"[39m
    [33mdata-slot[39m=[32m"plan-step-up"[39m
    [33mdata-variant[39m=[32m"ghost"[39m
    [33mtype[39m=[32m"button"[39m
  [36m/>[39m

  Name "Move step 2 down":
  [36m<button[39m
    [33maria-label[39m=[32m"Move step 2 down"[39m
    [33mclass[39m=[32m"inline-flex shrink-0 items-center justify-center gap-[7px] font-semibold whitespace-nowrap transition-[background-color,border-color,opacity,filter] outline-none focus-visible:ring-[3px] focus-visible:ring-ring/50 disabled:pointer-events-none disabled:opacity-50 [&_svg]:pointer-events-none [&_svg]:shrink-0 [&_svg:not([class*='size-'])]:size-4 hover:bg-muted hover:text-foreground rounded-sm size-7 text-muted-foreground"[39m
    [33mdata-size[39m=[32m"icon-sm"[39m
    [33mdata-slot[39m=[32m"plan-step-down"[39m
    [33mdata-variant[39m=[32m"ghost"[39m
    [33mtype[39m=[32m"button"[39m
  [36m/>[39m

  Name "Remove step 2":
  [36m<button[39m
    [33maria-label[39m=[32m"Remove step 2"[39m
    [33mclass[39m=[32m"inline-flex shrink-0 items-center justify-center gap-[7px] font-semibold whitespace-nowrap transition-[background-color,border-color,opacity,filter] outline-none focus-visible:ring-[3px] focus-visible:ring-ring/50 disabled:pointer-events-none disabled:opacity-50 [&_svg]:pointer-events-none [&_svg]:shrink-0 [&_svg:not([class*='size-'])]:size-4 hover:bg-muted rounded-sm size-7 text-muted-foreground hover:text-danger"[39m
    [33mdata-size[39m=[32m"icon-sm"[39m
    [33mdata-slot[39m=[32m"plan-step-remove"[39m
    [33mdata-variant[39m=[32m"ghost"[39m
    [33mtype[39m=[32m"button"[39m
  [36m/>[39m

  Name "Move step 3 up":
  [36m<button[39m
    [33maria-label[39m=[32m"Move step 3 up"[39m
    [33mclass[39m=[32m"inline-flex shrink-0 items-center justify-center gap-[7px] font-semibold whitespace-nowrap transition-[background-color,border-color,opacity,filter] outline-none focus-visible:ring-[3px] focus-visible:ring-ring/50 disabled:pointer-events-none disabled:opacity-50 [&_svg]:pointer-events-none [&_svg]:shrink-0 [&_svg:not([class*='size-'])]:size-4 hover:bg-muted hover:text-foreground rounded-sm size-7 text-muted-foreground"[39m
    [33mdata-size[39m=[32m"icon-sm"[39m
    [33mdata-slot[39m=[32m"plan-step-up"[39m
    [33mdata-variant[39m=[32m"ghost"[39m
    [33mtype[39m=[32m"button"[39m
  [36m/>[39m

  Name "Move step 3 down":
  [36m<button[39m
    [33maria-label[39m=[32m"Move step 3 down"[39m
    [33mclass[39m=[32m"inline-flex shrink-0 items-center justify-center gap-[7px] font-semibold whitespace-nowrap transition-[background-color,border-color,opacity,filter] outline-none focus-visible:ring-[3px] focus-visible:ring-ring/50 disabled:pointer-events-none disabled:opacity-50 [&_svg]:pointer-events-none [&_svg]:shrink-0 [&_svg:not([class*='size-'])]:size-4 hover:bg-muted hover:text-foreground rounded-sm size-7 text-muted-foreground"[39m
    [33mdata-size[39m=[32m"icon-sm"[39m
    [33mdata-slot[39m=[32m"plan-step-down"[39m
    [33mdata-variant[39m=[32m"ghost"[39m
    [33mdisabled[39m=[32m""[39m
    [33mtype[39m=[32m"button"[39m
  [36m/>[39m

  Name "Remove step 3":
  [36m<button[39m
    [33maria-label[39m=[32m"Remove step 3"[39m
    [33mclass[39m=[32m"inline-flex shrink-0 items-center justify-center gap-[7px] font-semibold whitespace-nowrap transition-[background-color,border-color,opacity,filter] outline-none focus-visible:ring-[3px] focus-visible:ring-ring/50 disabled:pointer-events-none disabled:opacity-50 [&_svg]:pointer-events-none [&_svg]:shrink-0 [&_svg:not([class*='size-'])]:size-4 hover:bg-muted rounded-sm size-7 text-muted-foreground hover:text-danger"[39m
    [33mdata-size[39m=[32m"icon-sm"[39m
    [33mdata-slot[39m=[32m"plan-step-remove"[39m
    [33mdata-variant[39m=[32m"ghost"[39m
    [33mtype[39m=[32m"button"[39m
  [36m/>[39m

  Name "Start":
  [36m<button[39m
    [33mclass[39m=[32m"inline-flex shrink-0 items-center justify-center gap-[7px] rounded-md font-semibold whitespace-nowrap transition-[background-color,border-color,opacity,filter] outline-none focus-visible:ring-[3px] focus-visible:ring-ring/50 disabled:pointer-events-none disabled:opacity-50 [&_svg]:pointer-events-none [&_svg]:shrink-0 [&_svg:not([class*='size-'])]:size-4 bg-action text-action-foreground hover:brightness-[0.96] h-11 px-3.5 text-[13px]"[39m
    [33mdata-size[39m=[32m"default"[39m
    [33mdata-slot[39m=[32m"plan-start"[39m
    [33mdata-variant[39m=[32m"primary"[39m
    [33mtype[39m=[32m"button"[39m
  [36m/>[39m

  Name "Save as chain":
  [36m<button[39m
    [33mclass[39m=[32m"inline-flex shrink-0 items-center justify-center gap-[7px] rounded-md font-semibold whitespace-nowrap transition-[background-color,border-color,opacity,filter] outline-none focus-visible:ring-[3px] focus-visible:ring-ring/50 disabled:pointer-events-none disabled:opacity-50 [&_svg]:pointer-events-none [&_svg]:shrink-0 [&_svg:not([class*='size-'])]:size-4 border border-border bg-card text-foreground hover:bg-muted h-11 px-3.5 text-[13px]"[39m
    [33mdata-size[39m=[32m"default"[39m
    [33mdata-slot[39m=[32m"plan-save"[39m
    [33mdata-variant[39m=[32m"outline"[39m
    [33mtype[39m=[32m"button"[39m
  [36m/>[39m

  Name "Discard":
  [36m<button[39m
    [33mclass[39m=[32m"inline-flex shrink-0 items-center justify-center gap-[7px] rounded-md font-semibold whitespace-nowrap transition-[background-color,border-color,opacity,filter] outline-none focus-visible:ring-[3px] focus-visible:ring-ring/50 disabled:pointer-events-none disabled:opacity-50 [&_svg]:pointer-events-none [&_svg]:shrink-0 [&_svg:not([class*='size-'])]:size-4 border border-border bg-card text-foreground hover:bg-muted h-11 px-3.5 text-[13px]"[39m
    [33mdata-size[39m=[32m"default"[39m
    [33mdata-slot[39m=[32m"button"[39m
    [33mdata-variant[39m=[32m"outline"[39m
    [33mtype[39m=[32m"button"[39m
  [36m/>[39m

  --------------------------------------------------
  paragraph:

  Name "keep the keyboard draft":
  [36m<p[39m
    [33mclass[39m=[32m"text-[18px] font-medium text-foreground"[39m
    [33mdata-slot[39m=[32m"plan-task"[39m
    [33mid[39m=[32m"radix-_r_i_"[39m
    [33mtitle[39m=[32m"keep the keyboard draft"[39m
  [36m/>[39m

  Name "":
  [36m<p[39m
    [33mclass[39m=[32m"text-xs text-muted-foreground"[39m
    [33mdata-slot[39m=[32m"plan-rationale"[39m
  [36m/>[39m

  Name "":
  [36m<p[39m
    [33mclass[39m=[32m"mt-3 whitespace-pre-wrap break-words font-mono text-[11px] text-muted-foreground"[39m
  [36m/>[39m

  Name "":
  [36m<p[39m
    [33mclass[39m=[32m"mt-3 whitespace-pre-wrap break-words font-mono text-[11px] text-muted-foreground"[39m
  [36m/>[39m

  Name "":
  [36m<p[39m
    [33mclass[39m=[32m"mt-3 whitespace-pre-wrap break-words font-mono text-[11px] text-muted-foreground"[39m
  [36m/>[39m

  --------------------------------------------------
  list:

  Name "":
  [36m<ol[39m
    [33mclass[39m=[32m"flex-1 space-y-2 overflow-y-auto px-5 py-4"[39m
    [33mdata-slot[39m=[32m"plan-steps"[39m
  [36m/>[39m

  --------------------------------------------------
  listitem:

  Name "":
  [36m<li[39m
    [33mclass[39m=[32m"flex items-center gap-2.5 rounded-lg border border-border bg-card-2 px-3 py-2.5"[39m
    [33mdata-slot[39m=[32m"plan-step"[39m
    [33mdata-step-id[39m=[32m"implement"[39m
    [33mdraggable[39m=[32m"true"[39m
  [36m/>[39m

  Name "":
  [36m<li[39m
    [33mclass[39m=[32m"flex items-center gap-2.5 rounded-lg border border-border bg-card-2 px-3 py-2.5"[39m
    [33mdata-slot[39m=[32m"plan-step"[39m
    [33mdata-step-id[39m=[32m"verify"[39m
    [33mdraggable[39m=[32m"true"[39m
  [36m/>[39m

  Name "":
  [36m<li[39m
    [33mclass[39m=[32m"flex items-center gap-2.5 rounded-lg border border-border bg-card-2 px-3 py-2.5"[39m
    [33mdata-slot[39m=[32m"plan-step"[39m
    [33mdata-step-id[39m=[32m"review"[39m
    [33mdraggable[39m=[32m"true"[39m
  [36m/>[39m

  --------------------------------------------------

Ignored nodes: comments, script, style
[36m<body[39m
  [33mdata-scroll-locked[39m=[32m"1"[39m
  [33mstyle[39m=[32m"pointer-events: none;"[39m
[36m>[39m
  [36m<span[39m
    [33maria-hidden[39m=[32m"true"[39m
    [33mdata-aria-hidden[39m=[32m"true"[39m
    [33mdata-radix-focus-guard[39m=[32m""[39m
    [33mstyle[39m=[32m"outline: none; opacity: 0; position: fixed; pointer-events: none;"[39m
    [33mtabindex[39m=[32m"0"[39m
  [36m/>[39m
  [36m<div[39m
    [33maria-hidden[39m=[32m"true"[39m
    [33mdata-aria-hidden[39m=[32m"true"[39m
  [36m>[39m
    [36m<div[39m
      [33mclass[39m=[32m"relative isolate flex min-h-full flex-col overflow-x-clip pb-16"[39m
      [33mdata-route[39m=[32m"new"[39m
    [36m>[39m
      [36m<div[39m
        [33mclass[39m=[32m"relative z-[1] mx-auto w-full max-w-none px-11 pt-12 max-md:px-[18px] max-md:pt-[22px]"[39m
      [36m>[39m
        [36m<header[39m
          [33mclass[39m=[32m"mb-7 max-md:mb-5"[39m
        [36m>[39m
          [36m<p[39m
            [33mclass[39m=[32m"mb-2 hidden md:block text-[11px] font-semibold tracking-[0.16em] text-[var(--accent-text)] uppercase"[39m
          [36m>[39m
            [0mNew task[0m
          [36m</p>[39m
          [36m<h1[39m
            [33mclass[39m=[32m"text-[30px] leading-[normal] font-semibold tracking-[-0.9px] max-md:text-[22px] max-md:leading-[29px] max-md:tracking-[-0.6px]"[39m
          [36m>[39m
            [0mWhat should the agent work on?[0m
          [36m</h1>[39m
          [36m<p[39m
            [33mclass[39m=[32m"mt-2 hidden text-[13px] text-muted-foreground md:block"[39m
            [33mdata-slot[39m=[32m"run-mode-note"[39m
          [36m>[39m
            [0mRuns in an isolated worktree — review everything before it lands.[0m
          [36m</p>[39m
        [36m</header>[39m
        [36m<section[39m
          [33maria-label[39m=[32m"Suggested task starters"[39m
          [33mclass[39m=[32m"mb-7"[39m
        [36m>[39m
          [36m<p[39m
            [33mclass[39m=[32m"mb-3 text-xs font-normal text-muted-foreground"[39m
          [36m>[39m
            [0mStart with a suggestion[0m
          [36m</p>[39m
          [36m<div[39m
            [33mclass[39m=[32m"flex flex-wrap gap-2"[39m
          [36m>[39m
            [36m<button[39m
              [33mclass[39m=[32m"inline-flex min-h-11 items-center gap-2 rounded-lg border border-border bg-card px-3 py-2 text-left text-xs text-foreground transition-colors hover:bg-muted"[39m
              [33mdata-slot[39m=[32m"suggested-chip"[39m
              [33mtype[39m=[32m"button"[39m
            [36m>[39m
              [0mReview recent changes[0m
            [36m</button>[39m
            [36m<button[39m
              [33mclass[39m=[32m"inline-flex min-h-11 items-center gap-2 rounded-lg border border-border bg-card px-3 py-2 text-left text-xs text-foreground transition-colors hover:bg-muted"[39m
              [33mdata-slot[39m=[32m"suggested-chip"[39m
              [33mtype[39m=[32m"button"[39m
            [36m>[39m
              [0mFind a bug[0m
            [36m</button>[39m
            [36m<button[39m
              [33mclass[39m=[32m"inline-flex min-h-11 items-center gap-2 rounded-lg border border-border bg-card px-3 py-2 text-left text-xs text-foreground transition-colors hover:bg-muted"[39m
              [33mdata-slot[39m=[32m"suggested-chip"[39m
              [33mtype[39m=[32m"button"[39m
            [36m>[39m
              [0mAdd missing tests[0m
            [36m</button>[39m
          [36m</div>[39m
        [36m</section>[39m
        [36m<div[39m
          [33mclass[39m=[32m"new-task-composer"[39m
          [33mdata-slot[39m=[32m"composer"[39m
        [36m>[39m
          [36m<div[39m
            [33mclass[39m=[32m"rounded-xl border border-[var(--composer-border)] bg-card shadow-none transition-[border-color,box-shadow] focus-within:border-ring focus-within:ring-[3px] focus-within:ring-ring/15 new-task-editor"[39m
            [33mdata-slot[39m=[32m"composer-editor"[39m
          [36m>[39m
            [36m<label[39m
              [33mclass[39m=[32m"hidden px-5 pt-5 text-xs text-muted-foreground md:block"[39m
              [33mfor[39m=[32m"_r_0_"[39m
            [36m>[39m
              [0mTask description[0m
            [36m</label>[39m
            [36m<textarea[39m
              [33maria-describedby[39m=[32m"_r_0_-submission"[39m
              [33maria-label[39m=[32m"Describe a task for the agent"[39m
              [33mautocomplete[39m=[32m"off"[39m
              [33mclass[39m=[32m"block min-h-11 w-full resize-none bg-transparent px-3 pt-2.5 pb-1 text-base leading-normal outline-none placeholder:text-muted-foreground disabled:cursor-not-allowed md:min-h-[54px] md:px-4 md:pt-3 md:text-sm max-h-[220px]"[39m
              [33mid[39m=[32m"_r_0_"[39m
              [33mplaceholder[39m=[32m"Describe a task for the agent — / for skills…"[39m
              [33mrows[39m=[32m"1"[39m
              [33mstyle[39m=[32m"height: 0px;"[39m
            [36m>[39m
              [0mkeep the keyboard draft[0m
            [36m</textarea>[39m
            [36m<p[39m
              [33mclass[39m=[32m"flex items-center gap-2 px-5 pt-3 pb-2 text-xs text-muted-foreground"[39m
              [33mdata-slot[39m=[32m"composer-skill-hint"[39m
            [36m>[39m
              [36m<svg[39m
                [33maria-hidden[39m=[32m"true"[39m
                [33mclass[39m=[32m"size-[15px] shrink-0"[39m
                [33mdata-design-icon[39m=[32m"terminal"[39m
                [33mfill[39m=[32m"currentColor"[39m
                [33mfocusable[39m=[32m"false"[39m
                [33mheight[39m=[32m"24"[39m
                [33mstroke[39m=[32m"none"[39m
                [33mviewBox[39m=[32m"0 0 13.99993896484375 14"[39m
                [33mwidth[39m=[32m"24"[39m
              [36m>[39m
                [36m<path[39m
                  [33md[39m=[32m"M2.2251 2.35156q-0.19482 0.02734-0.32129 0.17432-0.12646 0.14697-0.14697 0.35205-0.02051 0.20166 0.09228 0.36914 0.05469 0.07178 1.60986 1.60986l1.55176 1.55518-1.5791 1.58252q-1.06641 1.06299-1.32617 1.33642-0.25635 0.27344-0.30078 0.3418-0.10938 0.23926-0.01367 0.46485 0.09912 0.22217 0.32128 0.32128 0.22559 0.0957 0.46485-0.01367 0.06836-0.04443 0.37598-0.33838 0.30762-0.29395 1.5415-1.52441 1.81836-1.82178 1.86279-1.89014 0.05469-0.11279 0.05469-0.25976 0-0.14697-0.05469-0.27344-0.03076-0.05469-1.86279-1.89014-1.22021-1.23047-1.5415-1.53808-0.32129-0.30762-0.37598-0.33838-0.16748-0.06836-0.35205-0.04102z m4.63476 8.16211q-0.12646 0.02734-0.23925 0.1333-0.10938 0.10596-0.16749 0.23243-0.06836 0.2085 0.01368 0.42724 0.08545 0.21533 0.29394 0.31445l0.1128 0.04102 4.14599 0.01367q0.52978-0.01367 0.71094-0.02734 0.12647 0 0.20166-0.04102 0.07861-0...
 ❯ Object.getElementError ../../node_modules/@testing-library/dom/dist/config.js:37:19
 ❯ ../../node_modules/@testing-library/dom/dist/query-helpers.js:76:38
 ❯ ../../node_modules/@testing-library/dom/dist/query-helpers.js:52:17
 ❯ ../../node_modules/@testing-library/dom/dist/query-helpers.js:95:19
 ❯ src/routes/new-task.test.tsx:2003:19
    2001|     await planTask('keep the keyboard draft')
    2002|
    2003|     expect(screen.getByRole('heading', { name: 'New task / Plan first'…
       |                   ^
    2004|     expect(screen.queryByRole('dialog')).toBeNull()
    2005|     const review = document.querySelector('[data-slot="plan-review"]')!

⎯⎯⎯⎯⎯⎯⎯⎯⎯⎯⎯⎯⎯⎯⎯⎯⎯⎯⎯⎯⎯⎯⎯⎯[1/1]⎯


 Test Files  1 failed (1)
      Tests  1 failed | 116 skipped (117)
   Start at  16:06:11
   Duration  2.32s (transform 585ms, setup 0ms, import 1.15s, tests 539ms, environment 504ms)

