
> test
> vitest run packages/web/src/routes/new-task.test.tsx packages/web/src/routes/github/github.test.tsx


 RUN  v4.1.10 /home/agent/projects/cezar/.ai/cezar/worktrees/86a5f50c-6f3c-4c93-ba2f-489eeaf1613f

 ✓ |web| src/routes/new-task.test.tsx (117 tests) 10670ms
     ✓ keeps run options in a disclosure separate from prompt, agent selection, and submission  547ms
     ✓ filters effort by model and resets an unsupported pick before submission  341ms
 ✓ |web| src/routes/github/github.test.tsx (153 tests) 26471ms
   ✓ /github/prs/:n/changes renders PR-only file review navigation and completeness  303ms
     ✓ searches exact numeric 4507 despite an open substring match  414ms
     ✓ searches exact numeric #4507 despite an open substring match  416ms
     ✓ reports exact lookup unavailable alongside local substring rows  424ms
     ✓ reports exact lookup empty alongside local substring rows  424ms
     ✓ shows refresh failure beside cached hits and recovers with local matches false  501ms
     ✓ shows refresh failure beside cached hits and recovers with local matches true  562ms
     ✓ hides old hits immediately on change to Stream and retains URL-selected detail  1310ms
     ✓ hides old hits immediately on change to another query and retains URL-selected detail  1296ms
     ✓ hides old hits immediately on change to 4508 and retains URL-selected detail  1294ms
     ✓ hides old hits immediately on change to  and retains URL-selected detail  1290ms
     ✓ hydrates searched PR checks within 100 numbers with selected detail null  629ms
     ✓ hydrates searched PR checks within 100 numbers with selected detail 9999  569ms
     ✓ finds a merged PR the open list never contained — the bug in #730  404ms
     ✓ keeps a clicked cross-state hit open across the /github → /github/issues/:n hop  430ms
     ✓ keeps a clicked cross-state hit open across the /github/prs → /github/prs/:n hop  429ms
     ✓ opens a searched item in the detail pane, like any listed row  399ms
     ✓ does not shell out while the local filter still matches something  747ms
     ✓ reports an unavailable search with the server’s own reason  385ms
     ✓ drops the empty-state wrapper entirely once hits arrive, so its padding leaves no gap (#838)  397ms
     ✓ states plainly that nothing matched in ANY state when the search comes back empty  391ms
     ✓ stops rendering hits once the local filter matches the query again (#856)  570ms
     ✓ never repeats a listed item under "Found on GitHub" mid-debounce either (#856)  463ms
     ✓ says the search failed when the REQUEST failed, not just when the driver degraded  384ms
     ✓ uses the full local narrow to trigger search, then ANDs labels and board with OR assignees  555ms
     ✓ keeps the selected remote detail when filters hide its row  446ms
     ✓ refresh retries an incomplete search without losing the active filter  441ms
     ✓ does not claim exhaustive absence when filters discard a truncated search window  405ms
     ✓ reports incomplete search board metadata without clearing query or selected board  411ms
   ✓ debounces to the settled query and never searches after clearing to a label-only narrow  919ms

 Test Files  2 passed (2)
      Tests  270 passed (270)
   Start at  16:07:54
   Duration  28.32s (transform 1.30s, setup 0ms, import 2.46s, tests 37.14s, environment 1.01s)

