rUusA current route captured; visual/state review pending
p8bEI current route captured; visual/state review pending
qxKBh current route captured; visual/state review pending
CvQao current route captured; visual/state review pending
FZ2Hk current route captured; visual/state review pending
LqDjB current route captured; visual/state review pending
g2Jzw current route captured; visual/state review pending
D53pMS current route captured; visual/state review pending
bI71R current route captured; visual/state review pending
o67XB current route captured; visual/state review pending
JYHsj current route captured; visual/state review pending
ZmozS current route captured; visual/state review pending
QifUP current route captured; visual/state review pending
M8dqPj current route captured; visual/state review pending
X79RX current route captured; visual/state review pending
rxmtI current route captured; visual/state review pending
PjeE9 current route captured; visual/state review pending
feU0A current route captured; visual/state review pending
HClxj current route captured; visual/state review pending
ODSy3 current route captured; visual/state review pending
MFtcY current route captured; visual/state review pending
LAKkC current route captured; visual/state review pending
l3f2r3 current route captured; visual/state review pending
S1Gdo current route captured; visual/state review pending
