1/52 PPxMw S01. Project settings / General · Desktop light
2/52 x7yBQu S01. Project settings / General · Mobile light
3/52 T4h3KX S01. Project settings / General · Desktop dark
4/52 Y9V5h2 S01. Project settings / General · Mobile dark
5/52 aFFvV S07. Global settings / General · Desktop light
6/52 yqIfL S07. Global settings / General · Mobile light
7/52 oHH3V S07. Global settings / General · Desktop dark
8/52 TrsF6 S07. Global settings / General · Mobile dark
9/52 ur8ZK S02. Project settings / Agents · Desktop light
10/52 w1inBF S03. Project settings / Agent config · Desktop light
11/52 LmL0v S04. Project settings / Worktrees · Desktop light
12/52 cv6mn S06. Project settings / Prompt templates · Desktop light
13/52 x1Iye S09. Global settings / Notifications · Desktop light
14/52 sBaI8 S10. Global settings / Resources · Desktop light
15/52 RysDF S11. Global settings / Skills · Desktop light
16/52 XLiCf S12. Global settings / Agent accounts · Desktop light
17/52 Id0Gw S13. Global settings / Projects · Desktop light
18/52 OGJJ1 S10. Global settings / Resources · Mobile light
19/52 cQJod S02. Project settings / Agents · Desktop dark
20/52 v9iCdT S03. Project settings / Agent config · Desktop dark
21/52 u8PPZ3 S04. Project settings / Worktrees · Desktop dark
22/52 v5h5dm S06. Project settings / Prompt templates · Desktop dark
23/52 c96HBw S09. Global settings / Notifications · Desktop dark
24/52 iBtG5 S10. Global settings / Resources · Desktop dark
25/52 tWnpG S11. Global settings / Skills · Desktop dark
26/52 XvWFg S12. Global settings / Agent accounts · Desktop dark
27/52 pHBjV S13. Global settings / Projects · Desktop dark
28/52 jCdnx S10. Global settings / Resources · Mobile dark
29/52 h8VpfA S05. Project settings / Bookmarklets · Desktop light
30/52 f03Qc S08. Global settings / Appearance · Desktop light
31/52 JWelK S02. Project settings / Agents · Mobile light
32/52 f7OdkB S03. Project settings / Agent config · Mobile light
33/52 M6nNaF S04. Project settings / Worktrees · Mobile light
34/52 mQkaN S06. Project settings / Prompt templates · Mobile light
35/52 h7wNTk S09. Global settings / Notifications · Mobile light
36/52 aYBO5 S11. Global settings / Skills · Mobile light
37/52 giEbe S12. Global settings / Agent accounts · Mobile light
38/52 UylPc S13. Global settings / Projects · Mobile light
39/52 Z58Tuz S05. Project settings / Bookmarklets · Mobile light
40/52 P416t S08. Global settings / Appearance · Mobile light
41/52 U6TLR S02. Project settings / Agents · Mobile dark
42/52 Sizxn S03. Project settings / Agent config · Mobile dark
43/52 nMfbp S04. Project settings / Worktrees · Mobile dark
44/52 U8r6vF S06. Project settings / Prompt templates · Mobile dark
45/52 ZavY5 S09. Global settings / Notifications · Mobile dark
46/52 kyWF8 S11. Global settings / Skills · Mobile dark
47/52 XalAH S12. Global settings / Agent accounts · Mobile dark
48/52 iWYPL S13. Global settings / Projects · Mobile dark
49/52 wC1Sd S05. Project settings / Bookmarklets · Desktop dark
50/52 eWOxf S05. Project settings / Bookmarklets · Mobile dark
51/52 n27mE S08. Global settings / Appearance · Desktop dark
52/52 iI7Fo S08. Global settings / Appearance · Mobile dark
Captured all 52 matched Settings frame pairs
