
> @open-mercato/cezar-web@0.12.2 build
> vite build

vite v8.1.4 building client environment for production...
[2Ktransforming...✓ 2624 modules transformed.
rendering chunks...
computing gzip size...
../cezar/web/dist/index.html                                                    4.95 kB │ gzip:   1.70 kB
../cezar/web/dist/assets/poppins-latin-ext-500-normal-CK-6C4Hw.woff2            5.48 kB
../cezar/web/dist/assets/poppins-latin-ext-600-normal-CAhIAdZj.woff2            5.52 kB
../cezar/web/dist/assets/poppins-latin-ext-400-normal-by3JarPu.woff2            5.64 kB
../cezar/web/dist/assets/poppins-latin-ext-500-normal-CgAe2rWW.woff             7.37 kB
../cezar/web/dist/assets/poppins-latin-ext-600-normal-Df5ffKXP.woff             7.43 kB
../cezar/web/dist/assets/poppins-latin-ext-400-normal-DaBSavcJ.woff             7.46 kB
../cezar/web/dist/assets/poppins-latin-500-normal-C8OXljZJ.woff2                7.74 kB
../cezar/web/dist/assets/poppins-latin-400-normal-cpxAROuN.woff2                7.88 kB
../cezar/web/dist/assets/poppins-latin-600-normal-zEkxB9Mr.woff2                8.00 kB
../cezar/web/dist/assets/poppins-latin-500-normal-DGXqpDMm.woff                10.37 kB
../cezar/web/dist/assets/poppins-latin-400-normal-BOb3E3N0.woff                10.53 kB
../cezar/web/dist/assets/poppins-latin-600-normal-BJdTmd5m.woff                10.60 kB
../cezar/web/dist/assets/jetbrains-mono-latin-ext-wght-normal-DBQx-q_a.woff2   15.19 kB
../cezar/web/dist/assets/poppins-devanagari-500-normal-BIdkeU1p.woff2          39.08 kB
../cezar/web/dist/assets/poppins-devanagari-600-normal-STEjXBNN.woff2          39.29 kB
../cezar/web/dist/assets/poppins-devanagari-400-normal-CJDn6rn8.woff2          39.66 kB
../cezar/web/dist/assets/jetbrains-mono-latin-wght-normal-B9CIFXIH.woff2       40.40 kB
../cezar/web/dist/assets/poppins-devanagari-500-normal-DMPDjHtT.woff           52.42 kB
../cezar/web/dist/assets/poppins-devanagari-600-normal-ClASKHrr.woff           52.56 kB
../cezar/web/dist/assets/poppins-devanagari-400-normal-CqVvlrh5.woff           52.98 kB
../cezar/web/dist/assets/ibm-plex-mono-regular-BF3vfe7_.ttf                   133.79 kB
../cezar/web/dist/assets/run-header-BuTCCeM1.css                                1.32 kB │ gzip:   0.50 kB
../cezar/web/dist/assets/task-thread-DqcDdqwv.css                               3.22 kB │ gzip:   0.89 kB
../cezar/web/dist/assets/github-DFyM12DM.css                                    4.06 kB │ gzip:   1.09 kB
../cezar/web/dist/assets/index-C73-kfXv.css                                   174.94 kB │ gzip:  30.01 kB
../cezar/web/dist/assets/mermaid-GHXKKRXX-C4jxqUUb.js                           0.07 kB │ gzip:   0.08 kB
../cezar/web/dist/assets/chevron-right-BENZ-1ZN.js                              0.13 kB │ gzip:   0.14 kB
../cezar/web/dist/assets/external-link-BE6y205O.js                              0.25 kB │ gzip:   0.19 kB
../cezar/web/dist/assets/search-x-I9Q8pgUa.js                                   0.25 kB │ gzip:   0.20 kB
../cezar/web/dist/assets/triangle-alert-CIzim6ZN.js                             0.26 kB │ gzip:   0.21 kB
../cezar/web/dist/assets/file--aqoYe_k.js                                       0.27 kB │ gzip:   0.21 kB
../cezar/web/dist/assets/search-CnGa-UUZ.js                                     0.28 kB │ gzip:   0.22 kB
../cezar/web/dist/assets/git-pull-request-B7e--GXe.js                           0.28 kB │ gzip:   0.22 kB
../cezar/web/dist/assets/use-submit-shortcut-KWJsC906.js                        0.37 kB │ gzip:   0.26 kB
../cezar/web/dist/assets/square-terminal-DfFDdWRw.js                            0.41 kB │ gzip:   0.28 kB
../cezar/web/dist/assets/use-desktop-BaYgO7YW.js                                0.47 kB │ gzip:   0.27 kB
../cezar/web/dist/assets/tab-link-C1z18sYq.js                                   0.51 kB │ gzip:   0.33 kB
../cezar/web/dist/assets/highlighted-body-OFNGDK62-BL-MfFgl.js                  0.57 kB │ gzip:   0.38 kB
../cezar/web/dist/assets/rolldown-runtime-QTnfLwEv.js                           0.69 kB │ gzip:   0.42 kB
../cezar/web/dist/assets/token-metrics-FdoFF-vA.js                              0.84 kB │ gzip:   0.51 kB
../cezar/web/dist/assets/image-preview-BNI5TEdR.js                              0.93 kB │ gzip:   0.54 kB
../cezar/web/dist/assets/skill-empty-hint-oOtzR3v0.js                           0.95 kB │ gzip:   0.45 kB
../cezar/web/dist/assets/diff-stat-BIXV-1bX.js                                  0.99 kB │ gzip:   0.61 kB
../cezar/web/dist/assets/zoomable-image-BoNwHxLI.js                             0.99 kB │ gzip:   0.61 kB
../cezar/web/dist/assets/project-router-D7okd0mN.js                             1.36 kB │ gzip:   0.69 kB
../cezar/web/dist/assets/createLucideIcon-BHp8sXmF.js                           1.43 kB │ gzip:   0.80 kB
../cezar/web/dist/assets/diff-controls-DYCoaTv7.js                              2.06 kB │ gzip:   0.96 kB
../cezar/web/dist/assets/skills-9oR_oHse.js                                     2.38 kB │ gzip:   1.05 kB
../cezar/web/dist/assets/collapsible-peDdixth.js                                2.50 kB │ gzip:   1.05 kB
../cezar/web/dist/assets/markdown-B7TstQGa.js                                   2.55 kB │ gzip:   1.34 kB
../cezar/web/dist/assets/diff-woXpYk--.js                                       2.56 kB │ gzip:   0.68 kB
../cezar/web/dist/assets/commit-list-sZW4VoEa.js                                2.60 kB │ gzip:   1.27 kB
../cezar/web/dist/assets/json-qhed-kSA.js                                       2.81 kB │ gzip:   0.77 kB
../cezar/web/dist/assets/jsonc-CYpm1nAK.js                                      3.10 kB │ gzip:   0.78 kB
../cezar/web/dist/assets/textarea-CxkQFBQV.js                                   3.11 kB │ gzip:   1.16 kB
../cezar/web/dist/assets/diff-YnC632_-2.js                                      3.56 kB │ gzip:   1.51 kB
../cezar/web/dist/assets/highlighter-CdHqIwFr.js                                3.93 kB │ gzip:   1.61 kB
../cezar/web/dist/assets/task-commits-CVed9XPM.js                               4.20 kB │ gzip:   1.65 kB
../cezar/web/dist/assets/run-diff-C5TcMKwG.js                                   5.83 kB │ gzip:   2.21 kB
../cezar/web/dist/assets/toml-CcmNWLt0.js                                       6.41 kB │ gzip:   1.28 kB
../cezar/web/dist/assets/git-toolbar-DSWMHXO7.js                                7.28 kB │ gzip:   2.74 kB
../cezar/web/dist/assets/compare-variants-BH-alRuD.js                           7.53 kB │ gzip:   2.82 kB
../cezar/web/dist/assets/popover-Ft4310jN.js                                    7.61 kB │ gzip:   2.79 kB
../cezar/web/dist/assets/task-changes-B48K4F06.js                               7.80 kB │ gzip:   3.17 kB
../cezar/web/dist/assets/lib-BQXq3kEf.js                                        7.85 kB │ gzip:   4.03 kB
../cezar/web/dist/assets/yaml-rwi0_p6S.js                                      10.49 kB │ gzip:   2.26 kB
../cezar/web/dist/assets/task-files-CuQS8Xj3.js                                10.96 kB │ gzip:   3.84 kB
../cezar/web/dist/assets/diff-view-DLYbrixI.js                                 14.62 kB │ gzip:   5.14 kB
../cezar/web/dist/assets/rust-Cfkwpbl8.js                                      15.06 kB │ gzip:   2.71 kB
../cezar/web/dist/assets/repo-git-DkzE1ZRD.js                                  16.82 kB │ gzip:   5.42 kB
../cezar/web/dist/assets/skills-C1kZ0YX1.js                                    17.02 kB │ gzip:   5.28 kB
../cezar/web/dist/assets/lib-BxQXEXDF.js                                       19.06 kB │ gzip:   6.56 kB
../cezar/web/dist/assets/pill-BfRDNKcZ.js                                      19.85 kB │ gzip:   8.16 kB
../cezar/web/dist/assets/thread-loading-DNY1rLk8.js                            23.24 kB │ gzip:   8.38 kB
../cezar/web/dist/assets/prompt-templates-BjBcJf1F.js                          23.26 kB │ gzip:   8.85 kB
../cezar/web/dist/assets/sql-BsFa4tDR.js                                       23.42 kB │ gzip:   7.45 kB
../cezar/web/dist/assets/run-header-B-CiMprf.js                                26.19 kB │ gzip:   8.29 kB
../cezar/web/dist/assets/bundle-mjs-BT31bpU6.js                                29.40 kB │ gzip:   9.54 kB
../cezar/web/dist/assets/shellscript-CLZ0U2zV.js                               41.47 kB │ gzip:   6.07 kB
../cezar/web/dist/assets/go-rLFTqkRN.js                                        46.81 kB │ gzip:   5.14 kB
../cezar/web/dist/assets/css-BsVw1vtW.js                                       49.03 kB │ gzip:  11.90 kB
../cezar/web/dist/assets/dropdown-menu-BuWmwrrE.js                             52.57 kB │ gzip:  17.43 kB
../cezar/web/dist/assets/html-BY76lXLH.js                                      57.24 kB │ gzip:  11.74 kB
../cezar/web/dist/assets/github-DSCISmWN.js                                    57.51 kB │ gzip:  16.44 kB
../cezar/web/dist/assets/engine-javascript-FQvzRocB.js                         57.63 kB │ gzip:  20.18 kB
../cezar/web/dist/assets/markdown-BYOwaDjH.js                                  59.32 kB │ gzip:   5.66 kB
../cezar/web/dist/assets/python-gzcpVVnB.js                                    69.94 kB │ gzip:   9.09 kB
../cezar/web/dist/assets/workflows-B1PGmCOF.js                                 75.84 kB │ gzip:  23.76 kB
../cezar/web/dist/assets/task-thread-e4-NlkFf.js                               82.46 kB │ gzip:  24.89 kB
../cezar/web/dist/assets/core-BCsw8oQw.js                                      93.03 kB │ gzip:  29.18 kB
../cezar/web/dist/assets/utils-BEb5Uoq5.js                                    105.68 kB │ gzip:  28.32 kB
../cezar/web/dist/assets/javascript-BgS3c2Ky.js                               174.82 kB │ gzip:  16.62 kB
../cezar/web/dist/assets/tsx-udAQXfEw.js                                      175.52 kB │ gzip:  16.62 kB
../cezar/web/dist/assets/jsx-Bz0zcwM4.js                                      177.78 kB │ gzip:  16.71 kB
../cezar/web/dist/assets/typescript-bsJCZSQ-.js                               181.07 kB │ gzip:  16.23 kB
../cezar/web/dist/assets/react-runtime-CCIEwYL0.js                            189.64 kB │ gzip:  59.65 kB
../cezar/web/dist/assets/index-BCCYU86f.js                                    350.57 kB │ gzip:  92.34 kB
../cezar/web/dist/assets/alert-dialog-vZHkxp7c.js                             352.47 kB │ gzip:  98.67 kB
../cezar/web/dist/assets/chunk-BO2N2NFS-DE6qKn3r.js                           429.83 kB │ gzip: 130.15 kB

✓ built in 680ms
