[
  {
    "path": "/automations",
    "valid": true
  },
  {
    "path": "/automation-log?*",
    "valid": true
  },
  {
    "path": "/runs",
    "valid": true
  },
  {
    "path": "/todos",
    "valid": true
  },
  {
    "path": "/groups/fixture-group",
    "valid": true
  },
  {
    "path": "/plan",
    "valid": true
  },
  {
    "path": "/projects",
    "valid": true
  },
  {
    "path": "/workspace/runs-index",
    "valid": true
  },
  {
    "path": "/github/ref-status?*",
    "valid": true
  }
]
