
> build:web
> npm run build -w @open-mercato/cezar-web


> @open-mercato/cezar-web@0.12.2 build
> vite build

vite v8.1.4 building client environment for production...
[2K
transforming...✓ 2621 modules transformed.
rendering chunks...
computing gzip size...
../cezar/web/dist/index.html                                                    5.04 kB │ gzip:   1.71 kB
../cezar/web/dist/assets/poppins-latin-ext-500-normal-CK-6C4Hw.woff2            5.48 kB
../cezar/web/dist/assets/poppins-latin-ext-600-normal-CAhIAdZj.woff2            5.52 kB
../cezar/web/dist/assets/poppins-latin-ext-400-normal-by3JarPu.woff2            5.64 kB
../cezar/web/dist/assets/poppins-latin-ext-500-normal-CgAe2rWW.woff             7.37 kB
../cezar/web/dist/assets/poppins-latin-ext-600-normal-Df5ffKXP.woff             7.43 kB
../cezar/web/dist/assets/poppins-latin-ext-400-normal-DaBSavcJ.woff             7.46 kB
../cezar/web/dist/assets/poppins-latin-500-normal-C8OXljZJ.woff2                7.74 kB
../cezar/web/dist/assets/poppins-latin-400-normal-cpxAROuN.woff2                7.88 kB
../cezar/web/dist/assets/poppins-latin-600-normal-zEkxB9Mr.woff2                8.00 kB
../cezar/web/dist/assets/poppins-latin-500-normal-DGXqpDMm.woff                10.37 kB
../cezar/web/dist/assets/poppins-latin-400-normal-BOb3E3N0.woff                10.53 kB
../cezar/web/dist/assets/poppins-latin-600-normal-BJdTmd5m.woff                10.60 kB
../cezar/web/dist/assets/jetbrains-mono-latin-ext-wght-normal-DBQx-q_a.woff2   15.19 kB
../cezar/web/dist/assets/poppins-devanagari-500-normal-BIdkeU1p.woff2          39.08 kB
../cezar/web/dist/assets/poppins-devanagari-600-normal-STEjXBNN.woff2          39.29 kB
../cezar/web/dist/assets/poppins-devanagari-400-normal-CJDn6rn8.woff2          39.66 kB
../cezar/web/dist/assets/jetbrains-mono-latin-wght-normal-B9CIFXIH.woff2       40.40 kB
../cezar/web/dist/assets/poppins-devanagari-500-normal-DMPDjHtT.woff           52.42 kB
../cezar/web/dist/assets/poppins-devanagari-600-normal-ClASKHrr.woff           52.56 kB
../cezar/web/dist/assets/poppins-devanagari-400-normal-CqVvlrh5.woff           52.98 kB
../cezar/web/dist/assets/ibm-plex-mono-regular-BF3vfe7_.ttf                   133.79 kB
../cezar/web/dist/assets/task-thread-DcyeykSD.css                               2.46 kB │ gzip:   0.78 kB
../cezar/web/dist/assets/github-DFyM12DM.css                                    4.06 kB │ gzip:   1.09 kB
../cezar/web/dist/assets/index-Ci-SME7k.css                                   156.06 kB │ gzip:  27.14 kB
../cezar/web/dist/assets/mermaid-GHXKKRXX-C4jxqUUb.js                           0.07 kB │ gzip:   0.08 kB
../cezar/web/dist/assets/chevron-right-BmitNcg3.js                              0.13 kB │ gzip:   0.14 kB
../cezar/web/dist/assets/arrow-left-BcDtOjzh.js                                 0.16 kB │ gzip:   0.16 kB
../cezar/web/dist/assets/search-DaDTp0jt.js                                     0.17 kB │ gzip:   0.16 kB
../cezar/web/dist/assets/circle-check-B7YTJNPJ.js                               0.17 kB │ gzip:   0.16 kB
../cezar/web/dist/assets/ellipsis-CBl-T8DF.js                                   0.22 kB │ gzip:   0.16 kB
../cezar/web/dist/assets/upload-x5rGMy7B.js                                     0.23 kB │ gzip:   0.18 kB
../cezar/web/dist/assets/external-link-8hgwcKmw.js                              0.25 kB │ gzip:   0.20 kB
../cezar/web/dist/assets/search-x-JrdrnD26.js                                   0.25 kB │ gzip:   0.19 kB
../cezar/web/dist/assets/triangle-alert-B010eQSz.js                             0.26 kB │ gzip:   0.21 kB
../cezar/web/dist/assets/file-jXhCmyQG.js                                       0.27 kB │ gzip:   0.20 kB
../cezar/web/dist/assets/circle-Cd7_Acnk.js                                     0.28 kB │ gzip:   0.19 kB
../cezar/web/dist/assets/git-pull-request-C2PdShPR.js                           0.28 kB │ gzip:   0.22 kB
../cezar/web/dist/assets/refresh-cw-Cuh65Gc0.js                                 0.32 kB │ gzip:   0.22 kB
../cezar/web/dist/assets/use-submit-shortcut-KWJsC906.js                        0.37 kB │ gzip:   0.26 kB
../cezar/web/dist/assets/square-terminal-xLFV_AZw.js                            0.41 kB │ gzip:   0.28 kB
../cezar/web/dist/assets/sparkles-B20SQSEN.js                                   0.49 kB │ gzip:   0.28 kB
../cezar/web/dist/assets/trash-2-O82T0Nz9.js                                    0.51 kB │ gzip:   0.31 kB
../cezar/web/dist/assets/tab-link-msMQ_b3Q.js                                   0.53 kB │ gzip:   0.34 kB
../cezar/web/dist/assets/highlighted-body-OFNGDK62-BL-MfFgl.js                  0.57 kB │ gzip:   0.38 kB
../cezar/web/dist/assets/rolldown-runtime-QTnfLwEv.js                           0.69 kB │ gzip:   0.42 kB
../cezar/web/dist/assets/use-desktop-ai2q9SgW.js                                0.70 kB │ gzip:   0.40 kB
../cezar/web/dist/assets/token-metrics-DPkxYTIc.js                              0.86 kB │ gzip:   0.52 kB
../cezar/web/dist/assets/image-preview-CMJ186Po.js                              0.93 kB │ gzip:   0.54 kB
../cezar/web/dist/assets/zoomable-image-CFpShb98.js                             1.00 kB │ gzip:   0.61 kB
../cezar/web/dist/assets/diff-stat-CcixK9de.js                                  1.00 kB │ gzip:   0.62 kB
../cezar/web/dist/assets/skill-empty-hint-BkSLh6nv.js                           1.17 kB │ gzip:   0.57 kB
../cezar/web/dist/assets/project-router-2NKVXuWD.js                             1.36 kB │ gzip:   0.70 kB
../cezar/web/dist/assets/diff-controls-HnH313Rq.js                              1.90 kB │ gzip:   0.90 kB
../cezar/web/dist/assets/skills-9oR_oHse.js                                     2.38 kB │ gzip:   1.05 kB
../cezar/web/dist/assets/collapsible-BS_FpOVL.js                                2.50 kB │ gzip:   1.05 kB
../cezar/web/dist/assets/markdown-DnXY7DdF.js                                   2.55 kB │ gzip:   1.34 kB
../cezar/web/dist/assets/diff-woXpYk--.js                                       2.56 kB │ gzip:   0.68 kB
../cezar/web/dist/assets/commit-list-C2vhwHEv.js                                2.61 kB │ gzip:   1.28 kB
../cezar/web/dist/assets/json-qhed-kSA.js                                       2.81 kB │ gzip:   0.77 kB
../cezar/web/dist/assets/jsonc-CYpm1nAK.js                                      3.10 kB │ gzip:   0.78 kB
../cezar/web/dist/assets/textarea-Cxh8FC2Z.js                                   3.12 kB │ gzip:   1.17 kB
../cezar/web/dist/assets/diff-B1kWzAag.js                                       3.54 kB │ gzip:   1.50 kB
../cezar/web/dist/assets/highlighter-CdHqIwFr.js                                3.93 kB │ gzip:   1.61 kB
../cezar/web/dist/assets/task-commits-DXadsxu-.js                               4.21 kB │ gzip:   1.66 kB
../cezar/web/dist/assets/run-diff-CIPylJDy.js                                   5.84 kB │ gzip:   2.21 kB
../cezar/web/dist/assets/toml-CcmNWLt0.js                                       6.41 kB │ gzip:   1.28 kB
../cezar/web/dist/assets/git-toolbar-DEf8U_9U.js                                7.13 kB │ gzip:   2.67 kB
../cezar/web/dist/assets/popover-DPsmZoap.js                                    7.23 kB │ gzip:   2.63 kB
../cezar/web/dist/assets/compare-variants-4G4vWyJh.js                           7.55 kB │ gzip:   2.83 kB
../cezar/web/dist/assets/task-changes-T1f9dlP7.js                               7.80 kB │ gzip:   3.17 kB
../cezar/web/dist/assets/lib-BQXq3kEf.js                                        7.85 kB │ gzip:   4.03 kB
../cezar/web/dist/assets/yaml-rwi0_p6S.js                                      10.49 kB │ gzip:   2.26 kB
../cezar/web/dist/assets/task-files-CbPA5UV6.js                                10.93 kB │ gzip:   3.82 kB
../cezar/web/dist/assets/diff-view-BGlmZAXv.js                                 14.64 kB │ gzip:   5.15 kB
../cezar/web/dist/assets/rust-Cfkwpbl8.js                                      15.06 kB │ gzip:   2.71 kB
../cezar/web/dist/assets/skills-CIpY3_9t.js                                    16.15 kB │ gzip:   5.19 kB
../cezar/web/dist/assets/repo-git-CeQC5Awo.js                                  16.83 kB │ gzip:   5.42 kB
../cezar/web/dist/assets/lib-BxQXEXDF.js                                       19.06 kB │ gzip:   6.56 kB
../cezar/web/dist/assets/pill-D5wQWUph.js                                      19.86 kB │ gzip:   8.16 kB
../cezar/web/dist/assets/prompt-templates-BVGQeIOo.js                          23.20 kB │ gzip:   8.83 kB
../cezar/web/dist/assets/sql-BsFa4tDR.js                                       23.42 kB │ gzip:   7.45 kB
../cezar/web/dist/assets/thread-loading-Dvqso5gB.js                            23.56 kB │ gzip:   8.61 kB
../cezar/web/dist/assets/run-header-DHXVB4tP.js                                26.29 kB │ gzip:   8.32 kB
../cezar/web/dist/assets/bundle-mjs-BT31bpU6.js                                29.40 kB │ gzip:   9.54 kB
../cezar/web/dist/assets/shellscript-CLZ0U2zV.js                               41.47 kB │ gzip:   6.07 kB
../cezar/web/dist/assets/go-rLFTqkRN.js                                        46.81 kB │ gzip:   5.14 kB
../cezar/web/dist/assets/css-BsVw1vtW.js                                       49.03 kB │ gzip:  11.90 kB
../cezar/web/dist/assets/dropdown-menu-D3MLwMX3.js                             52.58 kB │ gzip:  17.47 kB
../cezar/web/dist/assets/github-jFJLdWWW.js                                    56.96 kB │ gzip:  16.26 kB
../cezar/web/dist/assets/html-BY76lXLH.js                                      57.24 kB │ gzip:  11.74 kB
../cezar/web/dist/assets/engine-javascript-FQvzRocB.js                         57.63 kB │ gzip:  20.18 kB
../cezar/web/dist/assets/markdown-BYOwaDjH.js                                  59.32 kB │ gzip:   5.66 kB
../cezar/web/dist/assets/python-gzcpVVnB.js                                    69.94 kB │ gzip:   9.09 kB
../cezar/web/dist/assets/workflows-C0DZU7Bq.js                                 75.65 kB │ gzip:  23.89 kB
../cezar/web/dist/assets/task-thread-nge9zKTB.js                               82.84 kB │ gzip:  25.14 kB
../cezar/web/dist/assets/core-BCsw8oQw.js                                      93.03 kB │ gzip:  29.18 kB
../cezar/web/dist/assets/createLucideIcon-2RsQMmhy.js                         107.14 kB │ gzip:  29.00 kB
../cezar/web/dist/assets/javascript-BgS3c2Ky.js                               174.82 kB │ gzip:  16.62 kB
../cezar/web/dist/assets/tsx-udAQXfEw.js                                      175.52 kB │ gzip:  16.62 kB
../cezar/web/dist/assets/jsx-Bz0zcwM4.js                                      177.78 kB │ gzip:  16.71 kB
../cezar/web/dist/assets/typescript-bsJCZSQ-.js                               181.07 kB │ gzip:  16.23 kB
../cezar/web/dist/assets/react-runtime-CCIEwYL0.js                            189.64 kB │ gzip:  59.65 kB
../cezar/web/dist/assets/index-CULOmk0-.js                                    349.44 kB │ gzip:  92.45 kB
../cezar/web/dist/assets/alert-dialog-DPw6d0qK.js                             352.24 kB │ gzip:  98.55 kB
../cezar/web/dist/assets/chunk-BO2N2NFS-DE6qKn3r.js                           429.83 kB │ gzip: 130.15 kB

✓ built in 725ms
